Archive member included because of file (symbol)

/usr/local/arm7/bin/../lib/gcc/arm-elf/4.1.1/../../../../arm-elf/lib/thumb/interwork/libc.a(malloc.o)
                              Gen_motor_cmmd.o (malloc)
/usr/local/arm7/bin/../lib/gcc/arm-elf/4.1.1/../../../../arm-elf/lib/thumb/interwork/libc.a(mallocr.o)
                              /usr/local/arm7/bin/../lib/gcc/arm-elf/4.1.1/../../../../arm-elf/lib/thumb/interwork/libc.a(malloc.o) (_malloc_r)
/usr/local/arm7/bin/../lib/gcc/arm-elf/4.1.1/../../../../arm-elf/lib/thumb/interwork/libc.a(memcpy.o)
                              LL_HL_comm.o (memcpy)
/usr/local/arm7/bin/../lib/gcc/arm-elf/4.1.1/../../../../arm-elf/lib/thumb/interwork/libc.a(mlock.o)
                              /usr/local/arm7/bin/../lib/gcc/arm-elf/4.1.1/../../../../arm-elf/lib/thumb/interwork/libc.a(mallocr.o) (__malloc_lock)
/usr/local/arm7/bin/../lib/gcc/arm-elf/4.1.1/../../../../arm-elf/lib/thumb/interwork/libc.a(sprintf.o)
                              sdk_telemetry.o (sprintf)
/usr/local/arm7/bin/../lib/gcc/arm-elf/4.1.1/../../../../arm-elf/lib/thumb/interwork/libc.a(strcpy.o)
                              asctecCommIntfOnboard.o (strcpy)
/usr/local/arm7/bin/../lib/gcc/arm-elf/4.1.1/../../../../arm-elf/lib/thumb/interwork/libc.a(strlen.o)
                              asctecCommIntfOnboard.o (strlen)
/usr/local/arm7/bin/../lib/gcc/arm-elf/4.1.1/../../../../arm-elf/lib/thumb/interwork/libc.a(vfprintf.o)
                              /usr/local/arm7/bin/../lib/gcc/arm-elf/4.1.1/../../../../arm-elf/lib/thumb/interwork/libc.a(sprintf.o) (_vfprintf_r)
/usr/local/arm7/bin/../lib/gcc/arm-elf/4.1.1/../../../../arm-elf/lib/thumb/interwork/libc.a(wcrtomb.o)
                              /usr/local/arm7/bin/../lib/gcc/arm-elf/4.1.1/../../../../arm-elf/lib/thumb/interwork/libc.a(vfprintf.o) (_wcrtomb_r)
/usr/local/arm7/bin/../lib/gcc/arm-elf/4.1.1/../../../../arm-elf/lib/thumb/interwork/libc.a(wcsrtombs.o)
                              /usr/local/arm7/bin/../lib/gcc/arm-elf/4.1.1/../../../../arm-elf/lib/thumb/interwork/libc.a(vfprintf.o) (_wcsrtombs_r)
/usr/local/arm7/bin/../lib/gcc/arm-elf/4.1.1/../../../../arm-elf/lib/thumb/interwork/libc.a(wctomb_r.o)
                              /usr/local/arm7/bin/../lib/gcc/arm-elf/4.1.1/../../../../arm-elf/lib/thumb/interwork/libc.a(wcrtomb.o) (_wctomb_r)
/usr/local/arm7/bin/../lib/gcc/arm-elf/4.1.1/../../../../arm-elf/lib/thumb/interwork/libc.a(wsetup.o)
                              /usr/local/arm7/bin/../lib/gcc/arm-elf/4.1.1/../../../../arm-elf/lib/thumb/interwork/libc.a(vfprintf.o) (__swsetup)
/usr/local/arm7/bin/../lib/gcc/arm-elf/4.1.1/../../../../arm-elf/lib/thumb/interwork/libc.a(dtoa.o)
                              /usr/local/arm7/bin/../lib/gcc/arm-elf/4.1.1/../../../../arm-elf/lib/thumb/interwork/libc.a(vfprintf.o) (_dtoa_r)
/usr/local/arm7/bin/../lib/gcc/arm-elf/4.1.1/../../../../arm-elf/lib/thumb/interwork/libc.a(fflush.o)
                              /usr/local/arm7/bin/../lib/gcc/arm-elf/4.1.1/../../../../arm-elf/lib/thumb/interwork/libc.a(vfprintf.o) (fflush)
/usr/local/arm7/bin/../lib/gcc/arm-elf/4.1.1/../../../../arm-elf/lib/thumb/interwork/libc.a(findfp.o)
                              /usr/local/arm7/bin/../lib/gcc/arm-elf/4.1.1/../../../../arm-elf/lib/thumb/interwork/libc.a(vfprintf.o) (__sinit)
/usr/local/arm7/bin/../lib/gcc/arm-elf/4.1.1/../../../../arm-elf/lib/thumb/interwork/libc.a(freer.o)
                              /usr/local/arm7/bin/../lib/gcc/arm-elf/4.1.1/../../../../arm-elf/lib/thumb/interwork/libc.a(malloc.o) (_free_r)
/usr/local/arm7/bin/../lib/gcc/arm-elf/4.1.1/../../../../arm-elf/lib/thumb/interwork/libc.a(fvwrite.o)
                              /usr/local/arm7/bin/../lib/gcc/arm-elf/4.1.1/../../../../arm-elf/lib/thumb/interwork/libc.a(vfprintf.o) (__sfvwrite)
/usr/local/arm7/bin/../lib/gcc/arm-elf/4.1.1/../../../../arm-elf/lib/thumb/interwork/libc.a(fwalk.o)
                              /usr/local/arm7/bin/../lib/gcc/arm-elf/4.1.1/../../../../arm-elf/lib/thumb/interwork/libc.a(fflush.o) (_fwalk)
/usr/local/arm7/bin/../lib/gcc/arm-elf/4.1.1/../../../../arm-elf/lib/thumb/interwork/libc.a(impure.o)
                              /usr/local/arm7/bin/../lib/gcc/arm-elf/4.1.1/../../../../arm-elf/lib/thumb/interwork/libc.a(malloc.o) (_impure_ptr)
/usr/local/arm7/bin/../lib/gcc/arm-elf/4.1.1/../../../../arm-elf/lib/thumb/interwork/libc.a(locale.o)
                              /usr/local/arm7/bin/../lib/gcc/arm-elf/4.1.1/../../../../arm-elf/lib/thumb/interwork/libc.a(vfprintf.o) (localeconv)
/usr/local/arm7/bin/../lib/gcc/arm-elf/4.1.1/../../../../arm-elf/lib/thumb/interwork/libc.a(makebuf.o)
                              /usr/local/arm7/bin/../lib/gcc/arm-elf/4.1.1/../../../../arm-elf/lib/thumb/interwork/libc.a(wsetup.o) (__smakebuf)
/usr/local/arm7/bin/../lib/gcc/arm-elf/4.1.1/../../../../arm-elf/lib/thumb/interwork/libc.a(memchr.o)
[...]
Memory Configuration

Name             Origin             Length             Attributes
ROM              0x00000000         0x00080000         xr
RAM              0x40000000         0x00008000         rw
*default*        0x00000000         0xffffffff

Linker script and memory map

LOAD Common_WinARM/src/Startup.o
LOAD Common_WinARM/src/swi_handler.o
LOAD LL_HL_comm.o
LOAD mymath.o
LOAD gpsmath.o
LOAD sdk.o
LOAD sdk_telemetry.o
LOAD buzzer.o
LOAD lpc_aci_eeprom.o
LOAD Gen_motor_cmmd.o
LOAD asctecCommIntfOnboard.o
LOAD buildInfoSetup.o
LOAD main.o
LOAD hardware.o
LOAD system.o
LOAD uart.o
LOAD syscalls.o
LOAD i2c.o
LOAD i2c1.o
LOAD Common_WinARM/src/irq.o
LOAD adc.o
LOAD ssp.o
LOAD pelican_ptu.o
LOAD jetiTelemetry.o
LOAD LPC2k_ee.o
LOAD /usr/local/arm7/bin/../lib/gcc/arm-elf/4.1.1/../../../../arm-elf/lib/thumb/interwork/libc.a
LOAD /usr/local/arm7/bin/../lib/gcc/arm-elf/4.1.1/../../../../arm-elf/lib/thumb/interwork/libc.a
LOAD /usr/local/arm7/bin/../lib/gcc/arm-elf/4.1.1/thumb/interwork/libgcc.a
LOAD .//libdeclination.a
LOAD .//libublox.a
LOAD /usr/local/arm7/bin/../lib/gcc/arm-elf/4.1.1/../../../../arm-elf/lib/thumb/interwork/libm.a
START GROUP
LOAD /usr/local/arm7/bin/../lib/gcc/arm-elf/4.1.1/thumb/interwork/libgcc.a
LOAD /usr/local/arm7/bin/../lib/gcc/arm-elf/4.1.1/../../../../arm-elf/lib/thumb/interwork/libg.a
LOAD /usr/local/arm7/bin/../lib/gcc/arm-elf/4.1.1/../../../../arm-elf/lib/thumb/interwork/libc.a
END GROUP

.text           0x00000000    0x1cf2c
 *(.vectorg)
 .vectorg       0x00000000       0x98 Common_WinARM/src/Startup.o
                0x00000050                __IRQ_Wrapper
 .vectorg       0x00000098       0xd0 Common_WinARM/src/swi_handler.o
                0x00000098                SoftwareInterrupt
                0x00000168                . = ALIGN (0x4)
 *(.init)
 .init          0x00000168      0x168 Common_WinARM/src/Startup.o
                0x00000168                __startup
                0x00000290                __exit_ARM
                0x00000294                __exit_THUMB
 *(.text .text.*)
 .text          0x000002d0        0x0 Common_WinARM/src/Startup.o
 .text          0x000002d0       0x38 Common_WinARM/src/swi_handler.o
                0x000002d0                IntRestore
                0x000002d8                FiqRestore
                0x000002e0                IntGetCPSR
                0x000002e8                IntEnable
                0x000002f0                IntDisable
                0x000002f8                FiqEnable
                0x00000300                FiqDisable
 .text          0x00000308     0x1328 LL_HL_comm.o
                0x00000308                LL_write_ctrl_data
                0x00000424                HL2LL_write_cycle
                0x00000de8                SSP_data_distribution_HL
                0x00001158                SSP_rx_handler_HL
 .text          0x00001630       0x64 mymath.o
                0x00001630                fast_abs
                0x0000163c                fast_sqrt
 .text          0x00001694      0x104 gpsmath.o
                0x00001694                xy2latlon
 .text          0x00001798      0x9d8 sdk.o
                0x00001798                SDK_SetEmergencyMode
                0x000017d4                SDK_EXAMPLE_direct_individual_motor_commands
                0x0000189c                SDK_EXAMPLE_direct_motor_commands_with_standard_output_mapping
                0x00001948                SDK_EXAMPLE_attitude_commands
                0x0000197c                SDK_EXAMPLE_turn_motors_on
                0x00001a0c                SDK_EXAMPLE_turn_motors_off
                0x00001a9c                SDK_EXAMPLE_gps_waypoint_control
                0x00002144                SDK_mainloop
 .text          0x00002170      0x7ec sdk_telemetry.o
                0x00002170                SDK_jetiAscTecExampleUpdateDisplay
                0x000022d0                SDK_jetiAscTecExampleInit
                0x00002504                SDK_jetiAscTecExampleKeyChange
                0x000026a0                SDK_jetiAscTecExampleRun
 .text          0x0000295c      0x5e4 buzzer.o
                0x0000295c                buzzer
                0x00002984                buzzer_handler
 .text          0x00002f40      0x3a0 lpc_aci_eeprom.o
                0x00002f40                lpc_aci_WriteParatoFlash
                0x00002fac                lpc_aci_SavePara
                0x000030ec                lpc_aci_ReadParafromFlash
                0x00003294                lpc_aci_init
 .text          0x000032e0      0x488 Gen_motor_cmmd.o
                0x000032e0                CalMotorSpeedFromDev
                0x00003364                GenMotorCmmd_Linear
                0x000036cc                GetMotorCmmdFromUData
 .text          0x00003768     0x2b5c asctecCommIntfOnboard.o
                0x00003768                aciInit
                0x000038b0                aciSetStartTxCallback
                0x000038c0                aciTxRingBufferReset
                0x000038e0                aciTxRingBufferGetFreeSpace
                0x00003920                aciTxRingBufferByteAvailable
                0x00003938                aciTxRingBufferGetNextByte
                0x00003990                aciCrcUpdate
                0x000039bc                aciUpdateCrc16
                0x000039fc                aciPublishParameterInt
                0x00003ba8                aciPublishCommandInt
                0x00003d54                aciPublishVariableInt
                0x00003f00                aciSetReadParafromFlashCallback
                0x00003f10                aciSetSaveParaCallback
                0x00003f20                aciSetWriteParatoFlashCallback
                0x00003f30                aciTxRingBufferAddData
                0x00004024                aciTxSendPacket
                0x000040fc                aciSendVar
                0x00004504                aciSyncPar
                0x00004694                aciSyncCmd
                0x00004824                aciSyncVar
                0x000048c8                aciRxHandleMessage
                0x00005cd4                aciReceiveHandler
                0x00005eb4                aciSingleSend
                0x00006054                aciSendSingleWithAck
                0x00006144                aciEngine
 .text          0x000062c4      0x1bc buildInfoSetup.o
                0x000062c4                generateBuildInfo
 .text          0x00006480     0x1b64 main.o
                0x00006480                timer0ISR
                0x00006568                main
                0x000068f0                mainloop
                0x00006d00                ACISDK
 .text          0x00007fe4       0x8c hardware.o
                0x00007fe4                LED
 .text          0x00008070      0x58c system.o
                0x00008070                init
                0x000080f8                init_interrupts
                0x000081a4                init_ports
                0x0000824c                init_timer0
                0x000082f4                PWM_Init
                0x000083a8                init_spi
                0x000083e0                init_spi1
                0x0000847c                pll_init
                0x000084bc                pll_feed
                0x000084fc                processorClockFrequency
                0x0000851c                peripheralClockFrequency
                0x000085b4                delay
 .text          0x000085fc      0xeb4 uart.o
                0x000085fc                uart1ISR
                0x000086cc                uart0ISR
                0x00008970                UARTInitialize
                0x00008a1c                UART1Initialize
                0x00008ac8                UARTWriteChar
                0x00008b18                UART1WriteChar
                0x00008b68                UARTReadChar
                0x00008bb0                UART1ReadChar
                0x00008bf8                __putchar
                0x00008c3c                UART_send
                0x00008cf8                UART1_send
                0x00008d8c                UART_send_ringbuffer
                0x00008df4                UART1_send_ringbuffer
                0x00008e5c                UART_SendPacket
                0x00008f54                crc_update
                0x00009044                crc16
                0x000090d8                ringbuffer
                0x000092c4                ringbuffer1
 .text          0x000094b0      0x2b4 syscalls.o
                0x000094b0                _read_r
                0x00009590                _write_r
                0x0000962c                _close_r
                0x00009658                _lseek_r
                0x0000968c                _fstat_r
                0x000096c8                isatty
                0x000096f0                _sbrk_r
 .text          0x00009764      0x750 i2c.o
                0x00009764                I2C0MasterHandler
                0x00009c00                I2C0_send_motordata
                0x00009cac                I2CStart
                0x00009d40                I2CStop
                0x00009d9c                I2CInit
                0x00009e24                I2CEngine
 .text          0x00009eb4     0x1048 i2c1.o
                0x00009eb4                I2C1MasterHandler
                0x0000a1a8                fireFlyLedHandler
                0x0000ace4                I2C1_setRGBLed
                0x0000ade8                I2C1Init
                0x0000ae5c                I2C1Engine
                0x0000aed0                I2C1State
 .text          0x0000aefc      0x2d8 Common_WinARM/src/irq.o
                0x0000af24                init_VIC
                0x0000afe8                install_irq
                0x0000b0dc                uninstall_irq
 .text          0x0000b1d4      0x3ec adc.o
                0x0000b1d4                ADCInit
                0x0000b25c                ADC0Read
                0x0000b398                ADC1Read
                0x0000b4a0                ADC0triggerSampling
                0x0000b4e4                ADC0getSamplingResults
 .text          0x0000b5c0      0x420 ssp.o
                0x0000b5c0                SSPHandler
                0x0000b798                LL_write_init
                0x0000b7d8                LL_write
 .text          0x0000b9e0      0x928 pelican_ptu.o
                0x0000b9e0                PTU_init
                0x0000bb00                PTU_update
                0x0000bdfc                SERVO_pitch_move
                0x0000bee4                SERVO_roll_move
                0x0000bfc4                PTU_update_middle_positions_by_stick
 .text          0x0000c308     0x1090 jetiTelemetry.o
                0x0000c308                jetiSetKeyChanged
                0x0000c34c                jetiCheckForKeyChange
                0x0000c3ac                jetiSetAlarm
                0x0000c450                jetiSetDeviceName
                0x0000c508                jetiActivateValue
                0x0000c590                jetiDeactivateValue
                0x0000c60c                jetiSetDecimalPoint
                0x0000c6b4                jetiSetValue30B
                0x0000c824                jetiSetValue22B
                0x0000c99c                jetiSetValue6B
                0x0000cb0c                jetiSetValue14B
                0x0000cc84                jetiSetValueTime
                0x0000ce4c                jetiSetValueDate
                0x0000d040                jetiSetTextDisplay
                0x0000d18c                jetiInitValue
 .text          0x0000d398      0x69c LPC2k_ee.o
                0x0000d398                ee_erase
                0x0000d4d4                ee_write
                0x0000d6f8                ee_read
                0x0000d788                ee_readn
                0x0000d7f0                ee_count
                0x0000d864                ee_locate
                0x0000d9ac                enter_isp
 .text          0x0000da34       0x28 /usr/local/arm7/bin/../lib/gcc/arm-elf/4.1.1/../../../../arm-elf/lib/thumb/interwork/libc.a(malloc.o)
                0x0000da34                free
                0x0000da48                malloc
 .text          0x0000da5c      0x538 /usr/local/arm7/bin/../lib/gcc/arm-elf/4.1.1/../../../../arm-elf/lib/thumb/interwork/libc.a(mallocr.o)
                0x0000da5c                _malloc_r
 .text          0x0000df94       0x5c /usr/local/arm7/bin/../lib/gcc/arm-elf/4.1.1/../../../../arm-elf/lib/thumb/interwork/libc.a(memcpy.o)
                0x0000df94                memcpy
 .text          0x0000dff0        0x8 /usr/local/arm7/bin/../lib/gcc/arm-elf/4.1.1/../../../../arm-elf/lib/thumb/interwork/libc.a(mlock.o)
                0x0000dff0                __malloc_lock
                0x0000dff4                __malloc_unlock
 .text          0x0000dff8       0x84 /usr/local/arm7/bin/../lib/gcc/arm-elf/4.1.1/../../../../arm-elf/lib/thumb/interwork/libc.a(sprintf.o)
                0x0000dff8                sprintf
                0x0000e03c                _sprintf_r
 .text          0x0000e07c       0x50 /usr/local/arm7/bin/../lib/gcc/arm-elf/4.1.1/../../../../arm-elf/lib/thumb/interwork/libc.a(strcpy.o)
                0x0000e07c                strcpy
 .text          0x0000e0cc       0x50 /usr/local/arm7/bin/../lib/gcc/arm-elf/4.1.1/../../../../arm-elf/lib/thumb/interwork/libc.a(strlen.o)
                0x0000e0cc                strlen
 .text          0x0000e11c     0x1a60 /usr/local/arm7/bin/../lib/gcc/arm-elf/4.1.1/../../../../arm-elf/lib/thumb/interwork/libc.a(vfprintf.o)
                0x0000e13c                _vfprintf_r
                0x0000fb5c                vfprintf
 .text          0x0000fb7c       0x54 /usr/local/arm7/bin/../lib/gcc/arm-elf/4.1.1/../../../../arm-elf/lib/thumb/interwork/libc.a(wcrtomb.o)
                0x0000fb7c                _wcrtomb_r
                0x0000fbb0                wcrtomb
 .text          0x0000fbd0      0x104 /usr/local/arm7/bin/../lib/gcc/arm-elf/4.1.1/../../../../arm-elf/lib/thumb/interwork/libc.a(wcsrtombs.o)
                0x0000fbd0                _wcsrtombs_r
                0x0000fcac                wcsrtombs
 .text          0x0000fcd4      0x2b8 /usr/local/arm7/bin/../lib/gcc/arm-elf/4.1.1/../../../../arm-elf/lib/thumb/interwork/libc.a(wctomb_r.o)
                0x0000fcd4                _wctomb_r
 .text          0x0000ff8c       0xa0 /usr/local/arm7/bin/../lib/gcc/arm-elf/4.1.1/../../../../arm-elf/lib/thumb/interwork/libc.a(wsetup.o)
                0x0000ff8c                __swsetup
 .text          0x0001002c      0xf2c /usr/local/arm7/bin/../lib/gcc/arm-elf/4.1.1/../../../../arm-elf/lib/thumb/interwork/libc.a(dtoa.o)
                0x0001017c                _dtoa_r
 .text          0x00010f58       0x90 /usr/local/arm7/bin/../lib/gcc/arm-elf/4.1.1/../../../../arm-elf/lib/thumb/interwork/libc.a(fflush.o)
                0x00010f58                fflush
 .text          0x00010fe8      0x1b8 /usr/local/arm7/bin/../lib/gcc/arm-elf/4.1.1/../../../../arm-elf/lib/thumb/interwork/libc.a(findfp.o)
                0x00011020                __sfp_lock_acquire
                0x00011024                __sfp_lock_release
                0x00011028                __sinit_lock_acquire
                0x0001102c                __sinit_lock_release
                0x00011030                __sinit
                0x00011094                __fp_unlock_all
                0x000110ac                __fp_lock_all
                0x000110c4                _cleanup_r
                0x000110d4                _cleanup
                0x000110e8                __sfmoreglue
                0x00011120                __sfp
 .text          0x000111a0      0x268 /usr/local/arm7/bin/../lib/gcc/arm-elf/4.1.1/../../../../arm-elf/lib/thumb/interwork/libc.a(freer.o)
                0x000111a0                _malloc_trim_r
                0x00011240                _free_r
 .text          0x00011408      0x298 /usr/local/arm7/bin/../lib/gcc/arm-elf/4.1.1/../../../../arm-elf/lib/thumb/interwork/libc.a(fvwrite.o)
                0x00011408                __sfvwrite
 .text          0x000116a0       0xdc /usr/local/arm7/bin/../lib/gcc/arm-elf/4.1.1/../../../../arm-elf/lib/thumb/interwork/libc.a(fwalk.o)
                0x000116a0                _fwalk_reent
                0x00011710                _fwalk
 .text          0x0001177c        0x0 /usr/local/arm7/bin/../lib/gcc/arm-elf/4.1.1/../../../../arm-elf/lib/thumb/interwork/libc.a(impure.o)
 .text          0x0001177c       0x88 /usr/local/arm7/bin/../lib/gcc/arm-elf/4.1.1/../../../../arm-elf/lib/thumb/interwork/libc.a(locale.o)
                0x0001177c                __locale_charset
                0x00011788                _localeconv_r
                0x00011790                localeconv
                0x000117a4                _setlocale_r
                0x000117e8                setlocale
 .text          0x00011804       0xdc /usr/local/arm7/bin/../lib/gcc/arm-elf/4.1.1/../../../../arm-elf/lib/thumb/interwork/libc.a(makebuf.o)
                0x00011804                __smakebuf
 .text          0x000118e0       0xb4 /usr/local/arm7/bin/../lib/gcc/arm-elf/4.1.1/../../../../arm-elf/lib/thumb/interwork/libc.a(memchr.o)
                0x000118e0                memchr
 .text          0x00011994       0x7c /usr/local/arm7/bin/../lib/gcc/arm-elf/4.1.1/../../../../arm-elf/lib/thumb/interwork/libc.a(memmove.o)
                0x00011994                memmove
 .text          0x00011a10       0x60 /usr/local/arm7/bin/../lib/gcc/arm-elf/4.1.1/../../../../arm-elf/lib/thumb/interwork/libc.a(memset.o)
                0x00011a10                memset
 .text          0x00011a70      0x8d0 /usr/local/arm7/bin/../lib/gcc/arm-elf/4.1.1/../../../../arm-elf/lib/thumb/interwork/libc.a(mprec.o)
                0x00011a70                _Bfree
                0x00011a88                _hi0bits
                0x00011ad0                _lo0bits
                0x00011b3c                __mcmp
                0x00011b7c                _ulp
                0x00011bcc                _b2d
                0x00011c94                _ratio
                0x00011ce8                _mprec_log10
                0x00011d28                _Balloc
                0x00011d84                _d2b
                0x00011e6c                __mdiff
                0x00011f54                _lshift
                0x00012004                _multiply
                0x00012154                _i2b
                0x0001216c                _multadd
                0x00012208                _pow5mult
                0x000122a4                _s2b
 .text          0x00012340      0x3d8 /usr/local/arm7/bin/../lib/gcc/arm-elf/4.1.1/../../../../arm-elf/lib/thumb/interwork/libc.a(reallocr.o)
                0x00012340                _realloc_r
 .text          0x00012718       0x24 /usr/local/arm7/bin/../lib/gcc/arm-elf/4.1.1/../../../../arm-elf/lib/thumb/interwork/libc.a(s_isinf.o)
                0x00012718                isinf
 .text          0x0001273c       0x1c /usr/local/arm7/bin/../lib/gcc/arm-elf/4.1.1/../../../../arm-elf/lib/thumb/interwork/libc.a(s_isnan.o)
                0x0001273c                isnan
 .text          0x00012758       0xd8 /usr/local/arm7/bin/../lib/gcc/arm-elf/4.1.1/../../../../arm-elf/lib/thumb/interwork/libc.a(stdio.o)
                0x00012758                __sclose
                0x00012770                __sseek
                0x000127b0                __swrite
                0x000127f8                __sread
 .text          0x00012830       0x68 /usr/local/arm7/bin/../lib/gcc/arm-elf/4.1.1/../../../../arm-elf/lib/thumb/interwork/libc.a(strcmp.o)
                0x00012830                strcmp
 .text          0x00012898       0x60 /usr/local/arm7/bin/../lib/gcc/arm-elf/4.1.1/../../../../arm-elf/lib/thumb/interwork/libc.a(callocr.o)
                0x00012898                _calloc_r
 .text          0x000128f8       0xbc /usr/local/arm7/bin/../lib/gcc/arm-elf/4.1.1/../../../../arm-elf/lib/thumb/interwork/libc.a(fclose.o)
                0x000128f8                _fclose_r
                0x0001299c                fclose
 .text          0x000129b4       0x8c /usr/local/arm7/bin/../lib/gcc/arm-elf/4.1.1/thumb/interwork/libgcc.a(_udivsi3.o)
                0x000129b4                __udivsi3
                0x000129b4                __aeabi_uidiv
                0x00012a30                __aeabi_uidivmod
 .text          0x00012a40       0xa4 /usr/local/arm7/bin/../lib/gcc/arm-elf/4.1.1/thumb/interwork/libgcc.a(_divsi3.o)
                0x00012a40                __aeabi_idiv
                0x00012a40                __divsi3
                0x00012ad4                __aeabi_idivmod
 .text          0x00012ae4       0xc8 /usr/local/arm7/bin/../lib/gcc/arm-elf/4.1.1/thumb/interwork/libgcc.a(_umodsi3.o)
                0x00012ae4                __umodsi3
 .text          0x00012bac       0xd8 /usr/local/arm7/bin/../lib/gcc/arm-elf/4.1.1/thumb/interwork/libgcc.a(_modsi3.o)
                0x00012bac                __modsi3
 .text          0x00012c84        0x4 /usr/local/arm7/bin/../lib/gcc/arm-elf/4.1.1/thumb/interwork/libgcc.a(_dvmd_tls.o)
                0x00012c84                __aeabi_ldiv0
                0x00012c84                __div0
                0x00012c84                __aeabi_idiv0
 .text          0x00012c88      0x430 /usr/local/arm7/bin/../lib/gcc/arm-elf/4.1.1/thumb/interwork/libgcc.a(_addsubdf3.o)
                0x00012c88                __aeabi_drsub
                0x00012c90                __aeabi_dsub
                0x00012c90                __subdf3
                0x00012c94                __adddf3
                0x00012c94                __aeabi_dadd
                0x00012fa4                __aeabi_ui2d
                0x00012fa4                __floatunsidf
                0x00012fcc                __floatsidf
                0x00012fcc                __aeabi_i2d
                0x00012ff8                __extendsfdf2
                0x00012ff8                __aeabi_f2d
                0x00013038                __aeabi_ul2d
                0x00013038                __floatundidf
                0x0001304c                __floatdidf
                0x0001304c                __aeabi_l2d
 .text          0x000130b8      0x49c /usr/local/arm7/bin/../lib/gcc/arm-elf/4.1.1/thumb/interwork/libgcc.a(_muldivdf3.o)
                0x000130b8                __aeabi_dmul
                0x000130b8                __muldf3
                0x00013348                __aeabi_ddiv
                0x00013348                __divdf3
 .text          0x00013554      0x140 /usr/local/arm7/bin/../lib/gcc/arm-elf/4.1.1/thumb/interwork/libgcc.a(_cmpdf2.o)
                0x00013554                __gtdf2
                0x00013554                __gedf2
                0x0001355c                __ltdf2
                0x0001355c                __ledf2
                0x00013564                __cmpdf2
                0x00013564                __eqdf2
                0x00013564                __nedf2
                0x000135e8                __aeabi_cdrcmple
                0x00013604                __aeabi_cdcmple
                0x00013604                __aeabi_cdcmpeq
                0x0001361c                __aeabi_dcmpeq
                0x00013634                __aeabi_dcmplt
                0x0001364c                __aeabi_dcmple
                0x00013664                __aeabi_dcmpge
                0x0001367c                __aeabi_dcmpgt
 .text          0x00013694       0x5c /usr/local/arm7/bin/../lib/gcc/arm-elf/4.1.1/thumb/interwork/libgcc.a(_fixdfsi.o)
                0x00013694                __fixdfsi
                0x00013694                __aeabi_d2iz
 .text          0x000136f0       0xa0 /usr/local/arm7/bin/../lib/gcc/arm-elf/4.1.1/thumb/interwork/libgcc.a(_truncdfsf2.o)
                0x000136f0                __aeabi_d2f
                0x000136f0                __truncdfsf2
 .text          0x00013790      0x2ac /usr/local/arm7/bin/../lib/gcc/arm-elf/4.1.1/thumb/interwork/libgcc.a(_addsubsf3.o)
                0x00013790                __aeabi_frsub
                0x00013798                __subsf3
                0x00013798                __aeabi_fsub
                0x0001379c                __aeabi_fadd
                0x0001379c                __addsf3
                0x00013958                __aeabi_ui2f
                0x00013958                __floatunsisf
                0x00013960                __aeabi_i2f
                0x00013960                __floatsisf
                0x00013980                __floatundisf
                0x00013980                __aeabi_ul2f
                0x00013990                __floatdisf
                0x00013990                __aeabi_l2f
 .text          0x00013a3c     0x3250 .//libdeclination.a(declination.o)
                0x00016480                geomag
                0x000164e8                geomg1
                0x00016558                getDeclination
 .text          0x00016c8c     0x1e88 .//libublox.a(ublox.o)
                0x00016c8c                uBloxSendMessage
                0x00016ea4                pollMessageRate
                0x00016efc                setMessageRate
                0x00016f60                uBloxResetConfiguration
                0x00016ffc                uBloxHandleMessage
                0x000177b4                uBloxReceiveHandler
                0x00017e78                uBloxReceiveEngine
 .text          0x00018b14       0xb8 /usr/local/arm7/bin/../lib/gcc/arm-elf/4.1.1/../../../../arm-elf/lib/thumb/interwork/libm.a(s_cos.o)
                0x00018b14                cos
 .text          0x00018bcc       0xbc /usr/local/arm7/bin/../lib/gcc/arm-elf/4.1.1/../../../../arm-elf/lib/thumb/interwork/libm.a(s_sin.o)
                0x00018bcc                sin
 .text          0x00018c88       0xd0 /usr/local/arm7/bin/../lib/gcc/arm-elf/4.1.1/../../../../arm-elf/lib/thumb/interwork/libm.a(w_atan2.o)
                0x00018c88                atan2
 .text          0x00018d58       0xc4 /usr/local/arm7/bin/../lib/gcc/arm-elf/4.1.1/../../../../arm-elf/lib/thumb/interwork/libm.a(w_sqrt.o)
                0x00018d58                sqrt
 .text          0x00018e1c      0x220 /usr/local/arm7/bin/../lib/gcc/arm-elf/4.1.1/../../../../arm-elf/lib/thumb/interwork/libm.a(e_atan2.o)
                0x00018e1c                __ieee754_atan2
 .text          0x0001903c      0x440 /usr/local/arm7/bin/../lib/gcc/arm-elf/4.1.1/../../../../arm-elf/lib/thumb/interwork/libm.a(e_rem_pio2.o)
                0x0001903c                __ieee754_rem_pio2
 .text          0x0001947c      0x1d8 /usr/local/arm7/bin/../lib/gcc/arm-elf/4.1.1/../../../../arm-elf/lib/thumb/interwork/libm.a(e_sqrt.o)
                0x0001947c                __ieee754_sqrt
 .text          0x00019654      0x28c /usr/local/arm7/bin/../lib/gcc/arm-elf/4.1.1/../../../../arm-elf/lib/thumb/interwork/libm.a(k_cos.o)
                0x00019654                __kernel_cos
 .text          0x000198e0      0x89c /usr/local/arm7/bin/../lib/gcc/arm-elf/4.1.1/../../../../arm-elf/lib/thumb/interwork/libm.a(k_rem_pio2.o)
                0x000198e0                __kernel_rem_pio2
 .text          0x0001a17c      0x180 /usr/local/arm7/bin/../lib/gcc/arm-elf/4.1.1/../../../../arm-elf/lib/thumb/interwork/libm.a(k_sin.o)
                0x0001a17c                __kernel_sin
 .text          0x0001a2fc      0x380 /usr/local/arm7/bin/../lib/gcc/arm-elf/4.1.1/../../../../arm-elf/lib/thumb/interwork/libm.a(s_atan.o)
                0x0001a2fc                atan
 .text          0x0001a67c       0x18 /usr/local/arm7/bin/../lib/gcc/arm-elf/4.1.1/../../../../arm-elf/lib/thumb/interwork/libm.a(s_fabs.o)
                0x0001a67c                fabs
 .text          0x0001a694      0x16c /usr/local/arm7/bin/../lib/gcc/arm-elf/4.1.1/../../../../arm-elf/lib/thumb/interwork/libm.a(s_floor.o)
                0x0001a694                floor
 .text          0x0001a800        0x0 /usr/local/arm7/bin/../lib/gcc/arm-elf/4.1.1/../../../../arm-elf/lib/thumb/interwork/libm.a(s_lib_ver.o)
 .text          0x0001a800        0x4 /usr/local/arm7/bin/../lib/gcc/arm-elf/4.1.1/../../../../arm-elf/lib/thumb/interwork/libm.a(s_matherr.o)
                0x0001a800                matherr
 .text          0x0001a804      0x130 /usr/local/arm7/bin/../lib/gcc/arm-elf/4.1.1/../../../../arm-elf/lib/thumb/interwork/libm.a(s_scalbn.o)
                0x0001a804                scalbn
 .text          0x0001a934       0x24 /usr/local/arm7/bin/../lib/gcc/arm-elf/4.1.1/../../../../arm-elf/lib/thumb/interwork/libm.a(s_copysign.o)
                0x0001a934                copysign
 .text          0x0001a958      0x2f8 /usr/local/arm7/bin/../lib/gcc/arm-elf/4.1.1/thumb/interwork/libgcc.a(_muldivsf3.o)
                0x0001a958                __mulsf3
                0x0001a958                __aeabi_fmul
                0x0001aaf0                __divsf3
                0x0001aaf0                __aeabi_fdiv
 .text          0x0001ac50      0x110 /usr/local/arm7/bin/../lib/gcc/arm-elf/4.1.1/thumb/interwork/libgcc.a(_cmpsf2.o)
                0x0001ac50                __gtsf2
                0x0001ac50                __gesf2
                0x0001ac58                __lesf2
                0x0001ac58                __ltsf2
                0x0001ac60                __nesf2
                0x0001ac60                __eqsf2
                0x0001ac60                __cmpsf2
                0x0001acc0                __aeabi_cfrcmple
                0x0001acd0                __aeabi_cfcmple
                0x0001acd0                __aeabi_cfcmpeq
                0x0001ace8                __aeabi_fcmpeq
                0x0001ad00                __aeabi_fcmplt
                0x0001ad18                __aeabi_fcmple
                0x0001ad30                __aeabi_fcmpge
                0x0001ad48                __aeabi_fcmpgt
 .text          0x0001ad60       0x5c /usr/local/arm7/bin/../lib/gcc/arm-elf/4.1.1/thumb/interwork/libgcc.a(_fixsfsi.o)
                0x0001ad60                __fixsfsi
                0x0001ad60                __aeabi_f2iz
 .text          0x0001adbc        0xc /usr/local/arm7/bin/../lib/gcc/arm-elf/4.1.1/../../../../arm-elf/lib/thumb/interwork/libg.a(errno.o)
                0x0001adbc                __errno
 *(.gnu.linkonce.t.*)
 *(.glue_7)
 .glue_7        0x0001adc8       0x84 linker stubs
                0x0001adc8                __memcpy_from_arm
                0x0001add4                ____divsi3_from_arm
                0x0001ade0                __cos_from_arm
                0x0001adec                __sprintf_from_arm
                0x0001adf8                ____udivsi3_from_arm
                0x0001ae04                __malloc_from_arm
                0x0001ae10                __strlen_from_arm
                0x0001ae1c                __strcpy_from_arm
                0x0001ae28                __sqrt_from_arm
                0x0001ae34                __sin_from_arm
                0x0001ae40                __atan2_from_arm
 *fill*         0x0001ae4c        0x4 00
 .glue_7.stub   0x0001ae50       0x90 linker stubs
 *(.glue_7t)
 .glue_7t       0x00000000        0x0 linker stubs
 *(.gcc_except_table)
 *(.rodata)
 .rodata        0x0001aee0      0x204 sdk_telemetry.o
 .rodata        0x0001b0e4        0x6 asctecCommIntfOnboard.o
 *fill*         0x0001b0ea        0x2 00
 .rodata        0x0001b0ec       0x30 buildInfoSetup.o
 .rodata        0x0001b11c     0x1754 main.o
 .rodata        0x0001c870      0x1e8 /usr/local/arm7/bin/../lib/gcc/arm-elf/4.1.1/../../../../arm-elf/lib/thumb/interwork/libc.a(vfprintf.o)
 .rodata        0x0001ca58       0x20 /usr/local/arm7/bin/../lib/gcc/arm-elf/4.1.1/../../../../arm-elf/lib/thumb/interwork/libc.a(wctomb_r.o)
 .rodata        0x0001ca78       0x2c /usr/local/arm7/bin/../lib/gcc/arm-elf/4.1.1/../../../../arm-elf/lib/thumb/interwork/libc.a(dtoa.o)
 .rodata        0x0001caa4        0x8 /usr/local/arm7/bin/../lib/gcc/arm-elf/4.1.1/../../../../arm-elf/lib/thumb/interwork/libc.a(impure.o)
                0x0001caa4                _global_impure_ptr
 .rodata        0x0001caac       0x4c /usr/local/arm7/bin/../lib/gcc/arm-elf/4.1.1/../../../../arm-elf/lib/thumb/interwork/libc.a(locale.o)
 .rodata        0x0001caf8      0x124 /usr/local/arm7/bin/../lib/gcc/arm-elf/4.1.1/../../../../arm-elf/lib/thumb/interwork/libc.a(mprec.o)
                0x0001caf8                __mprec_tens
                0x0001cbc0                __mprec_bigtens
                0x0001cbe8                __mprec_tinytens
 .rodata        0x0001cc1c       0xe2 .//libublox.a(ublox.o)
 *fill*         0x0001ccfe        0x2 00
 .rodata        0x0001cd00        0x8 /usr/local/arm7/bin/../lib/gcc/arm-elf/4.1.1/../../../../arm-elf/lib/thumb/interwork/libm.a(w_atan2.o)
 .rodata        0x0001cd08        0x8 /usr/local/arm7/bin/../lib/gcc/arm-elf/4.1.1/../../../../arm-elf/lib/thumb/interwork/libm.a(w_sqrt.o)
 .rodata        0x0001cd10      0x188 /usr/local/arm7/bin/../lib/gcc/arm-elf/4.1.1/../../../../arm-elf/lib/thumb/interwork/libm.a(e_rem_pio2.o)
 .rodata        0x0001ce98       0x50 /usr/local/arm7/bin/../lib/gcc/arm-elf/4.1.1/../../../../arm-elf/lib/thumb/interwork/libm.a(k_rem_pio2.o)
 .rodata        0x0001cee8       0x40 /usr/local/arm7/bin/../lib/gcc/arm-elf/4.1.1/../../../../arm-elf/lib/thumb/interwork/libm.a(s_atan.o)
 .rodata        0x0001cf28        0x4 /usr/local/arm7/bin/../lib/gcc/arm-elf/4.1.1/../../../../arm-elf/lib/thumb/interwork/libm.a(s_lib_ver.o)
                0x0001cf28                __fdlib_version
 *(.rodata*)
 *(.gnu.linkonce.r.*)
                0x0001cf2c                . = ALIGN (0x4)

.vfp11_veneer   0x0001cf2c        0x0
 .vfp11_veneer  0x00000000        0x0 linker stubs

.v4_bx          0x0001cf2c        0x0
 .v4_bx         0x00000000        0x0 linker stubs

.iplt           0x0001cf2c        0x0
 .iplt          0x00000000        0x0 Common_WinARM/src/Startup.o

.rel.dyn        0x0001cf2c        0x0
 .rel.iplt      0x00000000        0x0 Common_WinARM/src/Startup.o
                0x0001cf2c                . = ALIGN (0x4)

.ctors          0x0001cf2c        0x0
                0x0001cf2c                PROVIDE (__ctors_start__, .)
 *(SORT(.ctors.*))
 *(.ctors)
                0x0001cf2c                . = ALIGN (0x4)
                0x0001cf2c                PROVIDE (__ctors_end__, .)
                0x0001cf2c                . = ALIGN (0x4)

.dtors          0x0001cf2c        0x0
                0x0001cf2c                PROVIDE (__dtors_start__, .)
 *(SORT(.dtors.*))
 *(.dtors)
                0x0001cf2c                . = ALIGN (0x4)
                0x0001cf2c                PROVIDE (__dtors_end__, .)
                0x0001cf2c                . = ALIGN (0x4)
                0x0001cf2c                . = ALIGN (0x4)
                0x0001cf2c                _etext = .
                0x0001cf2c                PROVIDE (etext, .)

.data           0x40000000      0xda8 load address 0x0001cf2c
                0x40000000                _data = .
 *(.vectmapped)
                0x40000000                . = ALIGN (0x4)
 *(.fastrun)
                0x40000000                . = ALIGN (0x4)
                0x40000000                . = ALIGN (0x4)
 *(.data)
 .data          0x40000000        0x0 Common_WinARM/src/Startup.o
 .data          0x40000000        0x0 Common_WinARM/src/swi_handler.o
 .data          0x40000000        0x0 LL_HL_comm.o
 .data          0x40000000        0x0 mymath.o
 .data          0x40000000        0x0 gpsmath.o
 .data          0x40000000        0x0 sdk.o
 .data          0x40000000        0x0 sdk_telemetry.o
 .data          0x40000000        0xc buzzer.o
                0x40000000                buzzer_warnings
                0x40000002                ALARM_battery_warning_voltage_high
                0x40000004                ALARM_battery_warning_voltage_low
 .data          0x4000000c        0x0 lpc_aci_eeprom.o
 .data          0x4000000c        0x0 Gen_motor_cmmd.o
 .data          0x4000000c       0x14 asctecCommIntfOnboard.o
                0x4000000c                aciVarPacketTransmissionRate
                0x40000012                entry_exist
                0x40000014                aciEngineRate
                0x40000018                aciHeartBeatTimeout
                0x4000001a                aciMagicCodeVar
                0x4000001c                aciMagicCodeCmd
                0x4000001e                aciMagicCodePar
 .data          0x40000020        0x0 buildInfoSetup.o
 .data          0x40000020        0x3 main.o
                0x40000020                DataOutputsPerSecond
                0x40000021                PTU_cam_option_4_version
 .data          0x40000023        0x0 hardware.o
 .data          0x40000023        0x0 system.o
 .data          0x40000023        0x7 uart.o
                0x40000023                chksum_trigger
                0x40000024                startstring
                0x40000027                stopstring
 .data          0x4000002a        0x0 syscalls.o
 .data          0x4000002a        0x0 i2c.o
 .data          0x4000002a        0x0 i2c1.o
 .data          0x4000002a        0x0 Common_WinARM/src/irq.o
 .data          0x4000002a        0x0 adc.o
 .data          0x4000002a        0x3 ssp.o
                0x4000002a                data_sent_to_LL
                0x4000002b                SSP_receiption_complete
                0x4000002c                data_sent_to_HL
 .data          0x4000002d        0x0 pelican_ptu.o
 .data          0x4000002d        0x0 jetiTelemetry.o
 .data          0x4000002d        0x0 LPC2k_ee.o
 .data          0x4000002d        0x0 /usr/local/arm7/bin/../lib/gcc/arm-elf/4.1.1/../../../../arm-elf/lib/thumb/interwork/libc.a(malloc.o)
 *fill*         0x4000002d        0x3 00
 .data          0x40000030      0x410 /usr/local/arm7/bin/../lib/gcc/arm-elf/4.1.1/../../../../arm-elf/lib/thumb/interwork/libc.a(mallocr.o)
                0x40000030                __malloc_av_
                0x40000438                __malloc_trim_threshold
                0x4000043c                __malloc_sbrk_base
 .data          0x40000440        0x0 /usr/local/arm7/bin/../lib/gcc/arm-elf/4.1.1/../../../../arm-elf/lib/thumb/interwork/libc.a(memcpy.o)
 .data          0x40000440        0x0 /usr/local/arm7/bin/../lib/gcc/arm-elf/4.1.1/../../../../arm-elf/lib/thumb/interwork/libc.a(mlock.o)
 .data          0x40000440        0x0 /usr/local/arm7/bin/../lib/gcc/arm-elf/4.1.1/../../../../arm-elf/lib/thumb/interwork/libc.a(sprintf.o)
 .data          0x40000440        0x0 /usr/local/arm7/bin/../lib/gcc/arm-elf/4.1.1/../../../../arm-elf/lib/thumb/interwork/libc.a(strcpy.o)
 .data          0x40000440        0x0 /usr/local/arm7/bin/../lib/gcc/arm-elf/4.1.1/../../../../arm-elf/lib/thumb/interwork/libc.a(strlen.o)
 .data          0x40000440        0x0 /usr/local/arm7/bin/../lib/gcc/arm-elf/4.1.1/../../../../arm-elf/lib/thumb/interwork/libc.a(vfprintf.o)
 .data          0x40000440        0x0 /usr/local/arm7/bin/../lib/gcc/arm-elf/4.1.1/../../../../arm-elf/lib/thumb/interwork/libc.a(wcrtomb.o)
 .data          0x40000440        0x0 /usr/local/arm7/bin/../lib/gcc/arm-elf/4.1.1/../../../../arm-elf/lib/thumb/interwork/libc.a(wcsrtombs.o)
 .data          0x40000440        0x0 /usr/local/arm7/bin/../lib/gcc/arm-elf/4.1.1/../../../../arm-elf/lib/thumb/interwork/libc.a(wctomb_r.o)
 .data          0x40000440        0x0 /usr/local/arm7/bin/../lib/gcc/arm-elf/4.1.1/../../../../arm-elf/lib/thumb/interwork/libc.a(wsetup.o)
 .data          0x40000440        0x0 /usr/local/arm7/bin/../lib/gcc/arm-elf/4.1.1/../../../../arm-elf/lib/thumb/interwork/libc.a(dtoa.o)
 .data          0x40000440        0x0 /usr/local/arm7/bin/../lib/gcc/arm-elf/4.1.1/../../../../arm-elf/lib/thumb/interwork/libc.a(fflush.o)
 .data          0x40000440        0x0 /usr/local/arm7/bin/../lib/gcc/arm-elf/4.1.1/../../../../arm-elf/lib/thumb/interwork/libc.a(findfp.o)
 .data          0x40000440        0x0 /usr/local/arm7/bin/../lib/gcc/arm-elf/4.1.1/../../../../arm-elf/lib/thumb/interwork/libc.a(freer.o)
 .data          0x40000440        0x0 /usr/local/arm7/bin/../lib/gcc/arm-elf/4.1.1/../../../../arm-elf/lib/thumb/interwork/libc.a(fvwrite.o)
 .data          0x40000440        0x0 /usr/local/arm7/bin/../lib/gcc/arm-elf/4.1.1/../../../../arm-elf/lib/thumb/interwork/libc.a(fwalk.o)
 .data          0x40000440      0x404 /usr/local/arm7/bin/../lib/gcc/arm-elf/4.1.1/../../../../arm-elf/lib/thumb/interwork/libc.a(impure.o)
                0x40000440                _impure_ptr
 .data          0x40000844       0x10 /usr/local/arm7/bin/../lib/gcc/arm-elf/4.1.1/../../../../arm-elf/lib/thumb/interwork/libc.a(locale.o)
                0x40000844                __mb_cur_max
                0x40000848                __lc_ctype
 .data          0x40000854        0x0 /usr/local/arm7/bin/../lib/gcc/arm-elf/4.1.1/../../../../arm-elf/lib/thumb/interwork/libc.a(makebuf.o)
 .data          0x40000854        0x0 /usr/local/arm7/bin/../lib/gcc/arm-elf/4.1.1/../../../../arm-elf/lib/thumb/interwork/libc.a(memchr.o)
 .data          0x40000854        0x0 /usr/local/arm7/bin/../lib/gcc/arm-elf/4.1.1/../../../../arm-elf/lib/thumb/interwork/libc.a(memmove.o)
 .data          0x40000854        0x0 /usr/local/arm7/bin/../lib/gcc/arm-elf/4.1.1/../../../../arm-elf/lib/thumb/interwork/libc.a(memset.o)
 .data          0x40000854        0x0 /usr/local/arm7/bin/../lib/gcc/arm-elf/4.1.1/../../../../arm-elf/lib/thumb/interwork/libc.a(mprec.o)
 .data          0x40000854        0x0 /usr/local/arm7/bin/../lib/gcc/arm-elf/4.1.1/../../../../arm-elf/lib/thumb/interwork/libc.a(reallocr.o)
 .data          0x40000854        0x0 /usr/local/arm7/bin/../lib/gcc/arm-elf/4.1.1/../../../../arm-elf/lib/thumb/interwork/libc.a(s_isinf.o)
 .data          0x40000854        0x0 /usr/local/arm7/bin/../lib/gcc/arm-elf/4.1.1/../../../../arm-elf/lib/thumb/interwork/libc.a(s_isnan.o)
 .data          0x40000854        0x0 /usr/local/arm7/bin/../lib/gcc/arm-elf/4.1.1/../../../../arm-elf/lib/thumb/interwork/libc.a(stdio.o)
 .data          0x40000854        0x0 /usr/local/arm7/bin/../lib/gcc/arm-elf/4.1.1/../../../../arm-elf/lib/thumb/interwork/libc.a(strcmp.o)
 .data          0x40000854        0x0 /usr/local/arm7/bin/../lib/gcc/arm-elf/4.1.1/../../../../arm-elf/lib/thumb/interwork/libc.a(callocr.o)
 .data          0x40000854        0x0 /usr/local/arm7/bin/../lib/gcc/arm-elf/4.1.1/../../../../arm-elf/lib/thumb/interwork/libc.a(fclose.o)
 .data          0x40000854        0x0 /usr/local/arm7/bin/../lib/gcc/arm-elf/4.1.1/thumb/interwork/libgcc.a(_udivsi3.o)
 .data          0x40000854        0x0 /usr/local/arm7/bin/../lib/gcc/arm-elf/4.1.1/thumb/interwork/libgcc.a(_divsi3.o)
 .data          0x40000854        0x0 /usr/local/arm7/bin/../lib/gcc/arm-elf/4.1.1/thumb/interwork/libgcc.a(_umodsi3.o)
 .data          0x40000854        0x0 /usr/local/arm7/bin/../lib/gcc/arm-elf/4.1.1/thumb/interwork/libgcc.a(_modsi3.o)
 .data          0x40000854        0x0 /usr/local/arm7/bin/../lib/gcc/arm-elf/4.1.1/thumb/interwork/libgcc.a(_dvmd_tls.o)
 .data          0x40000854        0x0 /usr/local/arm7/bin/../lib/gcc/arm-elf/4.1.1/thumb/interwork/libgcc.a(_addsubdf3.o)
 .data          0x40000854        0x0 /usr/local/arm7/bin/../lib/gcc/arm-elf/4.1.1/thumb/interwork/libgcc.a(_muldivdf3.o)
 .data          0x40000854        0x0 /usr/local/arm7/bin/../lib/gcc/arm-elf/4.1.1/thumb/interwork/libgcc.a(_cmpdf2.o)
 .data          0x40000854        0x0 /usr/local/arm7/bin/../lib/gcc/arm-elf/4.1.1/thumb/interwork/libgcc.a(_fixdfsi.o)
 .data          0x40000854        0x0 /usr/local/arm7/bin/../lib/gcc/arm-elf/4.1.1/thumb/interwork/libgcc.a(_truncdfsf2.o)
 .data          0x40000854        0x0 /usr/local/arm7/bin/../lib/gcc/arm-elf/4.1.1/thumb/interwork/libgcc.a(_addsubsf3.o)
 .data          0x40000854      0x54c .//libdeclination.a(declination.o)
 .data          0x40000da0        0x8 .//libublox.a(ublox.o)
                0x40000da0                gpsLEDTrigger
 .data          0x40000da8        0x0 /usr/local/arm7/bin/../lib/gcc/arm-elf/4.1.1/../../../../arm-elf/lib/thumb/interwork/libm.a(s_cos.o)
 .data          0x40000da8        0x0 /usr/local/arm7/bin/../lib/gcc/arm-elf/4.1.1/../../../../arm-elf/lib/thumb/interwork/libm.a(s_sin.o)
 .data          0x40000da8        0x0 /usr/local/arm7/bin/../lib/gcc/arm-elf/4.1.1/../../../../arm-elf/lib/thumb/interwork/libm.a(w_atan2.o)
 .data          0x40000da8        0x0 /usr/local/arm7/bin/../lib/gcc/arm-elf/4.1.1/../../../../arm-elf/lib/thumb/interwork/libm.a(w_sqrt.o)
 .data          0x40000da8        0x0 /usr/local/arm7/bin/../lib/gcc/arm-elf/4.1.1/../../../../arm-elf/lib/thumb/interwork/libm.a(e_atan2.o)
 .data          0x40000da8        0x0 /usr/local/arm7/bin/../lib/gcc/arm-elf/4.1.1/../../../../arm-elf/lib/thumb/interwork/libm.a(e_rem_pio2.o)
 .data          0x40000da8        0x0 /usr/local/arm7/bin/../lib/gcc/arm-elf/4.1.1/../../../../arm-elf/lib/thumb/interwork/libm.a(e_sqrt.o)
 .data          0x40000da8        0x0 /usr/local/arm7/bin/../lib/gcc/arm-elf/4.1.1/../../../../arm-elf/lib/thumb/interwork/libm.a(k_cos.o)
 .data          0x40000da8        0x0 /usr/local/arm7/bin/../lib/gcc/arm-elf/4.1.1/../../../../arm-elf/lib/thumb/interwork/libm.a(k_rem_pio2.o)
 .data          0x40000da8        0x0 /usr/local/arm7/bin/../lib/gcc/arm-elf/4.1.1/../../../../arm-elf/lib/thumb/interwork/libm.a(k_sin.o)
 .data          0x40000da8        0x0 /usr/local/arm7/bin/../lib/gcc/arm-elf/4.1.1/../../../../arm-elf/lib/thumb/interwork/libm.a(s_atan.o)
 .data          0x40000da8        0x0 /usr/local/arm7/bin/../lib/gcc/arm-elf/4.1.1/../../../../arm-elf/lib/thumb/interwork/libm.a(s_fabs.o)
 .data          0x40000da8        0x0 /usr/local/arm7/bin/../lib/gcc/arm-elf/4.1.1/../../../../arm-elf/lib/thumb/interwork/libm.a(s_floor.o)
 .data          0x40000da8        0x0 /usr/local/arm7/bin/../lib/gcc/arm-elf/4.1.1/../../../../arm-elf/lib/thumb/interwork/libm.a(s_lib_ver.o)
 .data          0x40000da8        0x0 /usr/local/arm7/bin/../lib/gcc/arm-elf/4.1.1/../../../../arm-elf/lib/thumb/interwork/libm.a(s_matherr.o)
 .data          0x40000da8        0x0 /usr/local/arm7/bin/../lib/gcc/arm-elf/4.1.1/../../../../arm-elf/lib/thumb/interwork/libm.a(s_scalbn.o)
 .data          0x40000da8        0x0 /usr/local/arm7/bin/../lib/gcc/arm-elf/4.1.1/../../../../arm-elf/lib/thumb/interwork/libm.a(s_copysign.o)
 .data          0x40000da8        0x0 /usr/local/arm7/bin/../lib/gcc/arm-elf/4.1.1/thumb/interwork/libgcc.a(_muldivsf3.o)
 .data          0x40000da8        0x0 /usr/local/arm7/bin/../lib/gcc/arm-elf/4.1.1/thumb/interwork/libgcc.a(_cmpsf2.o)
 .data          0x40000da8        0x0 /usr/local/arm7/bin/../lib/gcc/arm-elf/4.1.1/thumb/interwork/libgcc.a(_fixsfsi.o)
 .data          0x40000da8        0x0 /usr/local/arm7/bin/../lib/gcc/arm-elf/4.1.1/../../../../arm-elf/lib/thumb/interwork/libg.a(errno.o)
 *(.data.*)
 *(.gnu.linkonce.d*)
                0x40000da8                . = ALIGN (0x4)

.igot.plt       0x40000da8        0x0 load address 0x0001dcd4
 .igot.plt      0x00000000        0x0 Common_WinARM/src/Startup.o
                0x40000da8                . = ALIGN (0x4)
                0x40000da8                _edata = .
                0x40000da8                PROVIDE (edata, .)

.bss            0x40000da8     0x4848 load address 0x0001dcd4
                0x40000da8                __bss_start = .
                0x40000da8                __bss_start__ = .
 *(.bss)
 .bss           0x40000da8        0x0 Common_WinARM/src/Startup.o
 .bss           0x40000da8        0x0 Common_WinARM/src/swi_handler.o
 .bss           0x40000da8       0x24 LL_HL_comm.o
                0x40000da8                SSP_ack
                0x40000daa                wpCtrlWpCmd
                0x40000dab                wpCtrlWpCmdUpdated
                0x40000dac                wpCtrlAckTrigger
                0x40000dae                wpCtrlNavStatus
                0x40000db0                wpCtrlDistToWp
                0x40000db2                transmitBuildInfoTrigger
 .bss           0x40000dcc        0x0 mymath.o
 .bss           0x40000dcc        0x4 gpsmath.o
                0x40000dcc                gpsDataOkTrigger
 .bss           0x40000dd0       0x20 sdk.o
                0x40000dd0                wpExampleWpNr
                0x40000dd1                wpExampleActive
                0x40000dd2                emergencyModeUpdate
 .bss           0x40000df0        0x3 sdk_telemetry.o
 *fill*         0x40000df3        0x1 00
 .bss           0x40000df4       0x14 buzzer.o
 .bss           0x40000e08        0x4 lpc_aci_eeprom.o
                0x40000e08                anz_param_saved
 .bss           0x40000e0c        0x0 Gen_motor_cmmd.o
 .bss           0x40000e0c       0x74 asctecCommIntfOnboard.o
                0x40000e0c                aciListVarCount
                0x40000e10                aciListCmdCount
                0x40000e14                aciListParCount
                0x40000e18                aciVarPacketMagicCode
                0x40000e1c                aciVarPacketCurrentSize
                0x40000e22                aciVarPacketNumberOfVars
                0x40000e28                aciVarPacketUpdated
                0x40000e2e                aciCmdPacketMagicCode
                0x40000e31                aciCmdPacketWithACK
                0x40000e34                aciCmdPacketSendAck
                0x40000e37                aciCmdPacketReceived
                0x40000e3a                aciParPacketMagicCode
                0x40000e3d                aciParPacketSendAck
                0x40000e40                aciParamPacketReceived
                0x40000e43                aciParPacketRequest
                0x40000e46                aciParamSaveIt
                0x40000e48                aciEngineRateCounter
                0x40000e54                aciTxRingBufferWritePtr
                0x40000e56                aciTxRingBufferReadPtr
                0x40000e58                aciHeartBeatCnt
                0x40000e5a                aciInhibitPacketTransmission
                0x40000e5c                aciReadWriteStartCallback
                0x40000e60                aciReadWriteEndCallback
                0x40000e64                aciAddDatatoFlashCallback
                0x40000e68                aciReadParafromFlashCallback
                0x40000e6c                aciSaveParaCallback
                0x40000e70                aciWriteParatoFlashCallback
                0x40000e74                aciSendSingleCount
                0x40000e76                aciSendSingleNextBufferCount
 .bss           0x40000e80        0x0 buildInfoSetup.o
 .bss           0x40000e80       0x28 main.o
                0x40000e80                int_cnt
                0x40000e84                cnt
                0x40000e88                mainloop_cnt
                0x40000e8c                mainloop_trigger
                0x40000e90                GPS_timeout
                0x40000e94                trigger_cnt
                0x40000e98                SYSTEM_initialized
                0x40000e99                fireflyLedEnabled
                0x40000e9a                mainloop_overflows
 .bss           0x40000ea8        0x0 hardware.o
 .bss           0x40000ea8        0x0 system.o
 .bss           0x40000ea8      0x32c uart.o
                0x40000ea8                data_requested
                0x40000ea9                chksum_to_check
                0x40000eaa                transmission_running
                0x40000eab                transmission1_running
                0x40000eac                trigger_transmission
                0x40000ead                baudrate1_change
                0x40000eae                UART_syncstate
                0x40000eaf                UART1_syncstate
                0x40000eb0                UART_rxcount
                0x40000eb4                UART1_rxcount
                0x40000eb8                UART_CalibDoneFlag
 .bss           0x400011d4        0x4 syscalls.o
 .bss           0x400011d8       0x14 i2c.o
                0x400011d8                I2CMasterState
                0x400011dc                I2CSlaveState
                0x400011e0                I2CCount
                0x400011e4                RdIndex
                0x400011e8                WrIndex
 .bss           0x400011ec       0x14 i2c1.o
                0x400011ec                I2C1MasterState
                0x400011f0                I2C1Count
                0x400011f4                WrIndex1
                0x400011f8                lastI2c1Error
 .bss           0x40001200        0x0 Common_WinARM/src/irq.o
 .bss           0x40001200        0x8 adc.o
                0x40001200                ADC0IntDone
                0x40001204                ADC1IntDone
 .bss           0x40001208        0x4 ssp.o
                0x40001208                SSP_trans_cnt
 .bss           0x4000120c       0x24 pelican_ptu.o
                0x4000120c                PTU_cam_angle_roll_offset
                0x40001210                PTU_cam_angle_pitch_offset
                0x40001214                PTU_enable_plain_ch7_to_servo
 .bss           0x40001230        0x5 jetiTelemetry.o
                0x40001230                jetiAlarm
                0x40001231                jetiAlarmType
                0x40001232                jetiTriggerTextSync
                0x40001233                jetiKeyChanged
                0x40001234                jetiKey
 .bss           0x40001235        0x0 LPC2k_ee.o
 .bss           0x40001235        0x0 /usr/local/arm7/bin/../lib/gcc/arm-elf/4.1.1/../../../../arm-elf/lib/thumb/interwork/libc.a(malloc.o)
 *fill*         0x40001235        0x3 00
 .bss           0x40001238       0x34 /usr/local/arm7/bin/../lib/gcc/arm-elf/4.1.1/../../../../arm-elf/lib/thumb/interwork/libc.a(mallocr.o)
                0x40001238                __malloc_top_pad
                0x4000123c                __malloc_max_sbrked_mem
                0x40001240                __malloc_max_total_mem
                0x40001244                __malloc_current_mallinfo
 .bss           0x4000126c        0x0 /usr/local/arm7/bin/../lib/gcc/arm-elf/4.1.1/../../../../arm-elf/lib/thumb/interwork/libc.a(memcpy.o)
 .bss           0x4000126c        0x0 /usr/local/arm7/bin/../lib/gcc/arm-elf/4.1.1/../../../../arm-elf/lib/thumb/interwork/libc.a(mlock.o)
 .bss           0x4000126c        0x0 /usr/local/arm7/bin/../lib/gcc/arm-elf/4.1.1/../../../../arm-elf/lib/thumb/interwork/libc.a(sprintf.o)
 .bss           0x4000126c        0x0 /usr/local/arm7/bin/../lib/gcc/arm-elf/4.1.1/../../../../arm-elf/lib/thumb/interwork/libc.a(strcpy.o)
 .bss           0x4000126c        0x0 /usr/local/arm7/bin/../lib/gcc/arm-elf/4.1.1/../../../../arm-elf/lib/thumb/interwork/libc.a(strlen.o)
 .bss           0x4000126c        0x0 /usr/local/arm7/bin/../lib/gcc/arm-elf/4.1.1/../../../../arm-elf/lib/thumb/interwork/libc.a(vfprintf.o)
 .bss           0x4000126c        0x0 /usr/local/arm7/bin/../lib/gcc/arm-elf/4.1.1/../../../../arm-elf/lib/thumb/interwork/libc.a(wcrtomb.o)
 .bss           0x4000126c        0x0 /usr/local/arm7/bin/../lib/gcc/arm-elf/4.1.1/../../../../arm-elf/lib/thumb/interwork/libc.a(wcsrtombs.o)
 .bss           0x4000126c        0x0 /usr/local/arm7/bin/../lib/gcc/arm-elf/4.1.1/../../../../arm-elf/lib/thumb/interwork/libc.a(wctomb_r.o)
 .bss           0x4000126c        0x0 /usr/local/arm7/bin/../lib/gcc/arm-elf/4.1.1/../../../../arm-elf/lib/thumb/interwork/libc.a(wsetup.o)
 .bss           0x4000126c        0x0 /usr/local/arm7/bin/../lib/gcc/arm-elf/4.1.1/../../../../arm-elf/lib/thumb/interwork/libc.a(dtoa.o)
 .bss           0x4000126c        0x0 /usr/local/arm7/bin/../lib/gcc/arm-elf/4.1.1/../../../../arm-elf/lib/thumb/interwork/libc.a(fflush.o)
 .bss           0x4000126c        0x0 /usr/local/arm7/bin/../lib/gcc/arm-elf/4.1.1/../../../../arm-elf/lib/thumb/interwork/libc.a(findfp.o)
 .bss           0x4000126c        0x0 /usr/local/arm7/bin/../lib/gcc/arm-elf/4.1.1/../../../../arm-elf/lib/thumb/interwork/libc.a(freer.o)
 .bss           0x4000126c        0x0 /usr/local/arm7/bin/../lib/gcc/arm-elf/4.1.1/../../../../arm-elf/lib/thumb/interwork/libc.a(fvwrite.o)
 .bss           0x4000126c        0x0 /usr/local/arm7/bin/../lib/gcc/arm-elf/4.1.1/../../../../arm-elf/lib/thumb/interwork/libc.a(fwalk.o)
 .bss           0x4000126c        0x0 /usr/local/arm7/bin/../lib/gcc/arm-elf/4.1.1/../../../../arm-elf/lib/thumb/interwork/libc.a(impure.o)
 .bss           0x4000126c        0xc /usr/local/arm7/bin/../lib/gcc/arm-elf/4.1.1/../../../../arm-elf/lib/thumb/interwork/libc.a(locale.o)
                0x4000126c                __nlocale_changed
                0x40001270                __mlocale_changed
                0x40001274                _PathLocale
 .bss           0x40001278        0x0 /usr/local/arm7/bin/../lib/gcc/arm-elf/4.1.1/../../../../arm-elf/lib/thumb/interwork/libc.a(makebuf.o)
 .bss           0x40001278        0x0 /usr/local/arm7/bin/../lib/gcc/arm-elf/4.1.1/../../../../arm-elf/lib/thumb/interwork/libc.a(memchr.o)
 .bss           0x40001278        0x0 /usr/local/arm7/bin/../lib/gcc/arm-elf/4.1.1/../../../../arm-elf/lib/thumb/interwork/libc.a(memmove.o)
 .bss           0x40001278        0x0 /usr/local/arm7/bin/../lib/gcc/arm-elf/4.1.1/../../../../arm-elf/lib/thumb/interwork/libc.a(memset.o)
 .bss           0x40001278        0x0 /usr/local/arm7/bin/../lib/gcc/arm-elf/4.1.1/../../../../arm-elf/lib/thumb/interwork/libc.a(mprec.o)
 .bss           0x40001278        0x0 /usr/local/arm7/bin/../lib/gcc/arm-elf/4.1.1/../../../../arm-elf/lib/thumb/interwork/libc.a(reallocr.o)
 .bss           0x40001278        0x0 /usr/local/arm7/bin/../lib/gcc/arm-elf/4.1.1/../../../../arm-elf/lib/thumb/interwork/libc.a(s_isinf.o)
 .bss           0x40001278        0x0 /usr/local/arm7/bin/../lib/gcc/arm-elf/4.1.1/../../../../arm-elf/lib/thumb/interwork/libc.a(s_isnan.o)
 .bss           0x40001278        0x0 /usr/local/arm7/bin/../lib/gcc/arm-elf/4.1.1/../../../../arm-elf/lib/thumb/interwork/libc.a(stdio.o)
 .bss           0x40001278        0x0 /usr/local/arm7/bin/../lib/gcc/arm-elf/4.1.1/../../../../arm-elf/lib/thumb/interwork/libc.a(strcmp.o)
 .bss           0x40001278        0x0 /usr/local/arm7/bin/../lib/gcc/arm-elf/4.1.1/../../../../arm-elf/lib/thumb/interwork/libc.a(callocr.o)
 .bss           0x40001278        0x0 /usr/local/arm7/bin/../lib/gcc/arm-elf/4.1.1/../../../../arm-elf/lib/thumb/interwork/libc.a(fclose.o)
 .bss           0x40001278        0x0 /usr/local/arm7/bin/../lib/gcc/arm-elf/4.1.1/thumb/interwork/libgcc.a(_udivsi3.o)
 .bss           0x40001278        0x0 /usr/local/arm7/bin/../lib/gcc/arm-elf/4.1.1/thumb/interwork/libgcc.a(_divsi3.o)
 .bss           0x40001278        0x0 /usr/local/arm7/bin/../lib/gcc/arm-elf/4.1.1/thumb/interwork/libgcc.a(_umodsi3.o)
 .bss           0x40001278        0x0 /usr/local/arm7/bin/../lib/gcc/arm-elf/4.1.1/thumb/interwork/libgcc.a(_modsi3.o)
 .bss           0x40001278        0x0 /usr/local/arm7/bin/../lib/gcc/arm-elf/4.1.1/thumb/interwork/libgcc.a(_dvmd_tls.o)
 .bss           0x40001278        0x0 /usr/local/arm7/bin/../lib/gcc/arm-elf/4.1.1/thumb/interwork/libgcc.a(_addsubdf3.o)
 .bss           0x40001278        0x0 /usr/local/arm7/bin/../lib/gcc/arm-elf/4.1.1/thumb/interwork/libgcc.a(_muldivdf3.o)
 .bss           0x40001278        0x0 /usr/local/arm7/bin/../lib/gcc/arm-elf/4.1.1/thumb/interwork/libgcc.a(_cmpdf2.o)
 .bss           0x40001278        0x0 /usr/local/arm7/bin/../lib/gcc/arm-elf/4.1.1/thumb/interwork/libgcc.a(_fixdfsi.o)
 .bss           0x40001278        0x0 /usr/local/arm7/bin/../lib/gcc/arm-elf/4.1.1/thumb/interwork/libgcc.a(_truncdfsf2.o)
 .bss           0x40001278        0x0 /usr/local/arm7/bin/../lib/gcc/arm-elf/4.1.1/thumb/interwork/libgcc.a(_addsubsf3.o)
 .bss           0x40001278      0xcc4 .//libdeclination.a(declination.o)
                0x40001278                estimatedDeclination
                0x4000127c                estimatedInclination
                0x40001280                declinationAvailable
 .bss           0x40001f3c       0x28 .//libublox.a(ublox.o)
                0x40001f3c                urTimeCnt
                0x40001f40                GPS_raw_data_size
                0x40001f44                urAckReceived
                0x40001f45                urAckClass
                0x40001f46                urAckId
                0x40001f47                urConfigMessageReceived
                0x40001f48                urVersionCheck
                0x40001f4a                urMsgCnt
                0x40001f4c                ubloxVersion
 .bss           0x40001f64        0x0 /usr/local/arm7/bin/../lib/gcc/arm-elf/4.1.1/../../../../arm-elf/lib/thumb/interwork/libm.a(s_cos.o)
 .bss           0x40001f64        0x0 /usr/local/arm7/bin/../lib/gcc/arm-elf/4.1.1/../../../../arm-elf/lib/thumb/interwork/libm.a(s_sin.o)
 .bss           0x40001f64        0x0 /usr/local/arm7/bin/../lib/gcc/arm-elf/4.1.1/../../../../arm-elf/lib/thumb/interwork/libm.a(w_atan2.o)
 .bss           0x40001f64        0x0 /usr/local/arm7/bin/../lib/gcc/arm-elf/4.1.1/../../../../arm-elf/lib/thumb/interwork/libm.a(w_sqrt.o)
 .bss           0x40001f64        0x0 /usr/local/arm7/bin/../lib/gcc/arm-elf/4.1.1/../../../../arm-elf/lib/thumb/interwork/libm.a(e_atan2.o)
 .bss           0x40001f64        0x0 /usr/local/arm7/bin/../lib/gcc/arm-elf/4.1.1/../../../../arm-elf/lib/thumb/interwork/libm.a(e_rem_pio2.o)
 .bss           0x40001f64        0x0 /usr/local/arm7/bin/../lib/gcc/arm-elf/4.1.1/../../../../arm-elf/lib/thumb/interwork/libm.a(e_sqrt.o)
 .bss           0x40001f64        0x0 /usr/local/arm7/bin/../lib/gcc/arm-elf/4.1.1/../../../../arm-elf/lib/thumb/interwork/libm.a(k_cos.o)
 .bss           0x40001f64        0x0 /usr/local/arm7/bin/../lib/gcc/arm-elf/4.1.1/../../../../arm-elf/lib/thumb/interwork/libm.a(k_rem_pio2.o)
 .bss           0x40001f64        0x0 /usr/local/arm7/bin/../lib/gcc/arm-elf/4.1.1/../../../../arm-elf/lib/thumb/interwork/libm.a(k_sin.o)
 .bss           0x40001f64        0x0 /usr/local/arm7/bin/../lib/gcc/arm-elf/4.1.1/../../../../arm-elf/lib/thumb/interwork/libm.a(s_atan.o)
 .bss           0x40001f64        0x0 /usr/local/arm7/bin/../lib/gcc/arm-elf/4.1.1/../../../../arm-elf/lib/thumb/interwork/libm.a(s_fabs.o)
 .bss           0x40001f64        0x0 /usr/local/arm7/bin/../lib/gcc/arm-elf/4.1.1/../../../../arm-elf/lib/thumb/interwork/libm.a(s_floor.o)
 .bss           0x40001f64        0x0 /usr/local/arm7/bin/../lib/gcc/arm-elf/4.1.1/../../../../arm-elf/lib/thumb/interwork/libm.a(s_lib_ver.o)
 .bss           0x40001f64        0x0 /usr/local/arm7/bin/../lib/gcc/arm-elf/4.1.1/../../../../arm-elf/lib/thumb/interwork/libm.a(s_matherr.o)
 .bss           0x40001f64        0x0 /usr/local/arm7/bin/../lib/gcc/arm-elf/4.1.1/../../../../arm-elf/lib/thumb/interwork/libm.a(s_scalbn.o)
 .bss           0x40001f64        0x0 /usr/local/arm7/bin/../lib/gcc/arm-elf/4.1.1/../../../../arm-elf/lib/thumb/interwork/libm.a(s_copysign.o)
 .bss           0x40001f64        0x0 /usr/local/arm7/bin/../lib/gcc/arm-elf/4.1.1/thumb/interwork/libgcc.a(_muldivsf3.o)
 .bss           0x40001f64        0x0 /usr/local/arm7/bin/../lib/gcc/arm-elf/4.1.1/thumb/interwork/libgcc.a(_cmpsf2.o)
 .bss           0x40001f64        0x0 /usr/local/arm7/bin/../lib/gcc/arm-elf/4.1.1/thumb/interwork/libgcc.a(_fixsfsi.o)
 .bss           0x40001f64        0x0 /usr/local/arm7/bin/../lib/gcc/arm-elf/4.1.1/../../../../arm-elf/lib/thumb/interwork/libg.a(errno.o)
 *(.gnu.linkonce.b*)
 *(COMMON)
 COMMON         0x40001f64       0xb4 LL_HL_comm.o
                0x40001f64                LL_1khz_attitude_data
                0x40001fc0                LL_1khz_control_input
                0x40001ff8                wpToLL
                0x40002014                MotorCmmd
 COMMON         0x40002018       0x58 gpsmath.o
                0x40002018                GPS_Data
                0x40002044                gps_data_temp
 COMMON         0x40002070       0xe1 sdk.o
                0x40002070                WO_CTRL_Input
                0x4000207c                WO_Direct_Motor_Control
                0x40002080                WO_Direct_Individual_Motor_Control
                0x4000208c                WO_SDK
                0x40002090                RO_RC_Data
                0x400020a0                WO_DESIRED_Input
                0x400020b0                RO_ALL_Data
                0x40002148                WO_Feedback
                0x40002150                emergencyMode
 *fill*         0x40002151        0x3 00
 COMMON         0x40002154      0x100 lpc_aci_eeprom.o
                0x40002154                content
 COMMON         0x40002254       0x2c Gen_motor_cmmd.o
                0x40002254                desired_pitch
                0x40002258                desired_yaw
                0x4000225c                desired_roll
                0x40002260                current_yaw
                0x40002264                current_roll
                0x40002268                current_pitch
                0x4000226c                current_roll_vel
                0x40002270                current_yaw_vel
                0x40002274                current_pitch_vel
                0x40002278                motor_speed_deviation
 COMMON         0x40002280     0x2b42 asctecCommIntfOnboard.o
                0x40002280                aciSendSingleId
                0x4000230c                aciParPacketContentBuffer
                0x400027bc                aciSendSingleBufferCnt
                0x40002848                aciListPar
                0x40002bfe                aciParPacketSelect
                0x40002d7e                aciSendSingleBuffer
                0x40002fae                aciParPacketSelectLength
                0x40002fb1                aciCmdPacketSelectLength
                0x40002fb4                aciCmdPacketContentBuffer
                0x40003464                aciVarPacketContentBuffer
                0x40003af4                aciCmdPacketSelect
                0x40003c74                aciTxRingBuffer
                0x40003d14                aciVarPacketTypeList
                0x40003dd4                aciListVar
                0x40004306                aciParPacketContentBufferValid
                0x4000430a                aciSendSingleStatus
                0x40004398                aciVarPacketPtrList
                0x40004698                aciParPacketContentBufferLength
                0x4000469e                aciCmdPacketContentBufferInvalidCnt
                0x400046a2                aciVarPacketContentBufferLength
                0x400046a8                aciListCmd
                0x40004a5e                aciSendSingleVarType
                0x40004aa4                aciRxDataCnt
                0x40004aa8                aciStartTxCallback
                0x40004aac                aciRxDataBuffer
                0x40004c2c                aciParPacketContentBufferInvalidCnt
                0x40004c2f                aciCmdPacketContentBufferValid
                0x40004c34                aciReadDatafromFlashCallback
                0x40004c38                aciCmdPacketContentBufferLength
                0x40004c3e                aciVarPacketSelectLength
                0x40004c42                aciVarPacketSelect
 COMMON         0x40004dc2       0x53 buildInfoSetup.o
                0x40004dc2                buildInfo
 *fill*         0x40004e15        0x3 00
 COMMON         0x40004e18       0xdc main.o
                0x40004e18                GPS_Time
                0x40004e20                IMU_CalcData
                0x40004e7c                HL_Status
                0x40004e94                uart_cnt
                0x40004e98                IMU_CalcData_tmp
 COMMON         0x40004ef4       0x20 uart.o
                0x40004ef4                UART_rxptr
                0x40004ef8                send_buffer
                0x40004f08                current_chksum
                0x40004f0a                packets
                0x40004f0c                tx_buff
                0x40004f10                UART1_rxptr
 COMMON         0x40004f14       0x50 i2c.o
                0x40004f14                I2CReadLength
                0x40004f18                I2CSlaveBuffer
                0x40004f38                I2CMode
                0x40004f3c                I2CMasterBuffer
                0x40004f5c                I2CCmd
                0x40004f60                I2CWriteLength
 COMMON         0x40004f64       0x24 i2c1.o
                0x40004f64                I2C1WriteLength
                0x40004f68                I2C1MasterBuffer
 COMMON         0x40004f88       0x60 adc.o
                0x40004f88                ADC0Value
                0x40004fa8                ADC1Value
                0x40004fc8                adcChannelValues
 COMMON         0x40004fe8      0x10c ssp.o
                0x40004fe8                CurrentRxIndex
                0x40004fec                SPIWR_num_bytes
                0x40004ff0                CurrentTxIndex
                0x40004ff4                SPIWRData
                0x40005074                SPIRDData
 COMMON         0x400050f4       0x2c pelican_ptu.o
                0x400050f4                CAMERA_Commands
                0x40005100                CAMERA_ptu
 COMMON         0x40005120      0x174 jetiTelemetry.o
                0x40005120                jetiDisplayText
                0x40005140                jetiValues
                0x4000528a                jetiName
 COMMON         0x40005294        0x4 LPC2k_ee.o
                0x40005294                iap_entry
 COMMON         0x40005298      0x356 .//libublox.a(ublox.o)
                0x40005298                GPS_RawBuffer
                0x40005418                urRecData
                0x40005518                satInfo
                0x400055d8                urConfigCnt
                0x400055dc                urCfgIdList
                0x400055e0                gpsHardwareStatus
                0x400055f0                . = ALIGN (0x4)
 *fill*         0x400055ee        0x2 00
                0x400055f0                . = ALIGN (0x4)
                0x400055f0                __bss_end__ = .
                0x400055f0                PROVIDE (__bss_end, .)

.stack          0x40005600     0x1980
 *(.stack)
 .stack         0x40005600     0x1980 Common_WinARM/src/Startup.o
                0x40006f80                PROVIDE (_stack, .)
                0x40006f80                . = ALIGN (0x4)
                0x40006f80                _end = .
                0x40006f80                PROVIDE (end, .)

.stab
 *(.stab)

.stabstr
 *(.stabstr)

.stab.excl
 *(.stab.excl)

.stab.exclstr
 *(.stab.exclstr)

.stab.index
 *(.stab.index)

.stab.indexstr
 *(.stab.indexstr)

.comment        0x00000000       0x47
 *(.comment)
 .comment       0x00000000       0x11 LL_HL_comm.o
                                 0x12 (size before relaxing)
 .comment       0x00000000       0x12 mymath.o
 .comment       0x00000000       0x12 gpsmath.o
 .comment       0x00000000       0x12 sdk.o
 .comment       0x00000000       0x12 sdk_telemetry.o
 .comment       0x00000000       0x12 buzzer.o
 .comment       0x00000000       0x12 lpc_aci_eeprom.o
 .comment       0x00000000       0x12 Gen_motor_cmmd.o
 .comment       0x00000000       0x12 asctecCommIntfOnboard.o
 .comment       0x00000000       0x12 buildInfoSetup.o
 .comment       0x00000000       0x12 main.o
 .comment       0x00000000       0x12 hardware.o
 .comment       0x00000000       0x12 system.o
 .comment       0x00000000       0x12 uart.o
 .comment       0x00000000       0x12 syscalls.o
 .comment       0x00000000       0x12 i2c.o
 .comment       0x00000000       0x12 i2c1.o
 .comment       0x00000000       0x12 Common_WinARM/src/irq.o
 .comment       0x00000000       0x12 adc.o
 .comment       0x00000000       0x12 ssp.o
 .comment       0x00000000       0x12 pelican_ptu.o
 .comment       0x00000000       0x12 jetiTelemetry.o
 .comment       0x00000000       0x12 LPC2k_ee.o
 .comment       0x00000000       0x12 /usr/local/arm7/bin/../lib/gcc/arm-elf/4.1.1/../../../../arm-elf/lib/thumb/interwork/libc.a(malloc.o)
 .comment       0x00000000       0x12 /usr/local/arm7/bin/../lib/gcc/arm-elf/4.1.1/../../../../arm-elf/lib/thumb/interwork/libc.a(mallocr.o)
 .comment       0x00000000       0x12 /usr/local/arm7/bin/../lib/gcc/arm-elf/4.1.1/../../../../arm-elf/lib/thumb/interwork/libc.a(memcpy.o)
 .comment       0x00000000       0x12 /usr/local/arm7/bin/../lib/gcc/arm-elf/4.1.1/../../../../arm-elf/lib/thumb/interwork/libc.a(mlock.o)
 .comment       0x00000000       0x12 /usr/local/arm7/bin/../lib/gcc/arm-elf/4.1.1/../../../../arm-elf/lib/thumb/interwork/libc.a(sprintf.o)
 .comment       0x00000000       0x12 /usr/local/arm7/bin/../lib/gcc/arm-elf/4.1.1/../../../../arm-elf/lib/thumb/interwork/libc.a(strcpy.o)
 .comment       0x00000000       0x12 /usr/local/arm7/bin/../lib/gcc/arm-elf/4.1.1/../../../../arm-elf/lib/thumb/interwork/libc.a(strlen.o)
 .comment       0x00000000       0x12 /usr/local/arm7/bin/../lib/gcc/arm-elf/4.1.1/../../../../arm-elf/lib/thumb/interwork/libc.a(vfprintf.o)
 .comment       0x00000000       0x12 /usr/local/arm7/bin/../lib/gcc/arm-elf/4.1.1/../../../../arm-elf/lib/thumb/interwork/libc.a(wcrtomb.o)
 .comment       0x00000000       0x12 /usr/local/arm7/bin/../lib/gcc/arm-elf/4.1.1/../../../../arm-elf/lib/thumb/interwork/libc.a(wcsrtombs.o)
 .comment       0x00000000       0x12 /usr/local/arm7/bin/../lib/gcc/arm-elf/4.1.1/../../../../arm-elf/lib/thumb/interwork/libc.a(wctomb_r.o)
 .comment       0x00000000       0x12 /usr/local/arm7/bin/../lib/gcc/arm-elf/4.1.1/../../../../arm-elf/lib/thumb/interwork/libc.a(wsetup.o)
 .comment       0x00000000       0x12 /usr/local/arm7/bin/../lib/gcc/arm-elf/4.1.1/../../../../arm-elf/lib/thumb/interwork/libc.a(dtoa.o)
 .comment       0x00000000       0x12 /usr/local/arm7/bin/../lib/gcc/arm-elf/4.1.1/../../../../arm-elf/lib/thumb/interwork/libc.a(fflush.o)
 .comment       0x00000000       0x12 /usr/local/arm7/bin/../lib/gcc/arm-elf/4.1.1/../../../../arm-elf/lib/thumb/interwork/libc.a(findfp.o)
 .comment       0x00000000       0x12 /usr/local/arm7/bin/../lib/gcc/arm-elf/4.1.1/../../../../arm-elf/lib/thumb/interwork/libc.a(freer.o)
 .comment       0x00000000       0x12 /usr/local/arm7/bin/../lib/gcc/arm-elf/4.1.1/../../../../arm-elf/lib/thumb/interwork/libc.a(fvwrite.o)
 .comment       0x00000000       0x12 /usr/local/arm7/bin/../lib/gcc/arm-elf/4.1.1/../../../../arm-elf/lib/thumb/interwork/libc.a(fwalk.o)
 .comment       0x00000000       0x12 /usr/local/arm7/bin/../lib/gcc/arm-elf/4.1.1/../../../../arm-elf/lib/thumb/interwork/libc.a(impure.o)
 .comment       0x00000000       0x12 /usr/local/arm7/bin/../lib/gcc/arm-elf/4.1.1/../../../../arm-elf/lib/thumb/interwork/libc.a(locale.o)
 .comment       0x00000000       0x12 /usr/local/arm7/bin/../lib/gcc/arm-elf/4.1.1/../../../../arm-elf/lib/thumb/interwork/libc.a(makebuf.o)
 .comment       0x00000000       0x12 /usr/local/arm7/bin/../lib/gcc/arm-elf/4.1.1/../../../../arm-elf/lib/thumb/interwork/libc.a(memchr.o)
 .comment       0x00000000       0x12 /usr/local/arm7/bin/../lib/gcc/arm-elf/4.1.1/../../../../arm-elf/lib/thumb/interwork/libc.a(memmove.o)
 .comment       0x00000000       0x12 /usr/local/arm7/bin/../lib/gcc/arm-elf/4.1.1/../../../../arm-elf/lib/thumb/interwork/libc.a(memset.o)
 .comment       0x00000000       0x12 /usr/local/arm7/bin/../lib/gcc/arm-elf/4.1.1/../../../../arm-elf/lib/thumb/interwork/libc.a(mprec.o)
 .comment       0x00000000       0x12 /usr/local/arm7/bin/../lib/gcc/arm-elf/4.1.1/../../../../arm-elf/lib/thumb/interwork/libc.a(reallocr.o)
 .comment       0x00000000       0x12 /usr/local/arm7/bin/../lib/gcc/arm-elf/4.1.1/../../../../arm-elf/lib/thumb/interwork/libc.a(s_isinf.o)
 .comment       0x00000000       0x12 /usr/local/arm7/bin/../lib/gcc/arm-elf/4.1.1/../../../../arm-elf/lib/thumb/interwork/libc.a(s_isnan.o)
 .comment       0x00000000       0x12 /usr/local/arm7/bin/../lib/gcc/arm-elf/4.1.1/../../../../arm-elf/lib/thumb/interwork/libc.a(stdio.o)
 .comment       0x00000000       0x12 /usr/local/arm7/bin/../lib/gcc/arm-elf/4.1.1/../../../../arm-elf/lib/thumb/interwork/libc.a(strcmp.o)
 .comment       0x00000000       0x12 /usr/local/arm7/bin/../lib/gcc/arm-elf/4.1.1/../../../../arm-elf/lib/thumb/interwork/libc.a(callocr.o)
 .comment       0x00000000       0x12 /usr/local/arm7/bin/../lib/gcc/arm-elf/4.1.1/../../../../arm-elf/lib/thumb/interwork/libc.a(fclose.o)
 .comment       0x00000011       0x1b .//libdeclination.a(declination.o)
 .comment       0x0000002c       0x1b .//libublox.a(ublox.o)
 .comment       0x00000000       0x12 /usr/local/arm7/bin/../lib/gcc/arm-elf/4.1.1/../../../../arm-elf/lib/thumb/interwork/libm.a(s_cos.o)
 .comment       0x00000000       0x12 /usr/local/arm7/bin/../lib/gcc/arm-elf/4.1.1/../../../../arm-elf/lib/thumb/interwork/libm.a(s_sin.o)
 .comment       0x00000000       0x12 /usr/local/arm7/bin/../lib/gcc/arm-elf/4.1.1/../../../../arm-elf/lib/thumb/interwork/libm.a(w_atan2.o)
 .comment       0x00000000       0x12 /usr/local/arm7/bin/../lib/gcc/arm-elf/4.1.1/../../../../arm-elf/lib/thumb/interwork/libm.a(w_sqrt.o)
 .comment       0x00000000       0x12 /usr/local/arm7/bin/../lib/gcc/arm-elf/4.1.1/../../../../arm-elf/lib/thumb/interwork/libm.a(e_atan2.o)
 .comment       0x00000000       0x12 /usr/local/arm7/bin/../lib/gcc/arm-elf/4.1.1/../../../../arm-elf/lib/thumb/interwork/libm.a(e_rem_pio2.o)
 .comment       0x00000000       0x12 /usr/local/arm7/bin/../lib/gcc/arm-elf/4.1.1/../../../../arm-elf/lib/thumb/interwork/libm.a(e_sqrt.o)
 .comment       0x00000000       0x12 /usr/local/arm7/bin/../lib/gcc/arm-elf/4.1.1/../../../../arm-elf/lib/thumb/interwork/libm.a(k_cos.o)
 .comment       0x00000000       0x12 /usr/local/arm7/bin/../lib/gcc/arm-elf/4.1.1/../../../../arm-elf/lib/thumb/interwork/libm.a(k_rem_pio2.o)
 .comment       0x00000000       0x12 /usr/local/arm7/bin/../lib/gcc/arm-elf/4.1.1/../../../../arm-elf/lib/thumb/interwork/libm.a(k_sin.o)
 .comment       0x00000000       0x12 /usr/local/arm7/bin/../lib/gcc/arm-elf/4.1.1/../../../../arm-elf/lib/thumb/interwork/libm.a(s_atan.o)
 .comment       0x00000000       0x12 /usr/local/arm7/bin/../lib/gcc/arm-elf/4.1.1/../../../../arm-elf/lib/thumb/interwork/libm.a(s_fabs.o)
 .comment       0x00000000       0x12 /usr/local/arm7/bin/../lib/gcc/arm-elf/4.1.1/../../../../arm-elf/lib/thumb/interwork/libm.a(s_floor.o)
 .comment       0x00000000       0x12 /usr/local/arm7/bin/../lib/gcc/arm-elf/4.1.1/../../../../arm-elf/lib/thumb/interwork/libm.a(s_lib_ver.o)
 .comment       0x00000000       0x12 /usr/local/arm7/bin/../lib/gcc/arm-elf/4.1.1/../../../../arm-elf/lib/thumb/interwork/libm.a(s_matherr.o)
 .comment       0x00000000       0x12 /usr/local/arm7/bin/../lib/gcc/arm-elf/4.1.1/../../../../arm-elf/lib/thumb/interwork/libm.a(s_scalbn.o)
 .comment       0x00000000       0x12 /usr/local/arm7/bin/../lib/gcc/arm-elf/4.1.1/../../../../arm-elf/lib/thumb/interwork/libm.a(s_copysign.o)
 .comment       0x00000000       0x12 /usr/local/arm7/bin/../lib/gcc/arm-elf/4.1.1/../../../../arm-elf/lib/thumb/interwork/libg.a(errno.o)

.ARM.attributes
                0x00000000       0x10
 .ARM.attributes
                0x00000000       0x10 Common_WinARM/src/Startup.o
 .ARM.attributes
                0x00000010       0x10 Common_WinARM/src/swi_handler.o
 .ARM.attributes
                0x00000020       0x10 LL_HL_comm.o
 .ARM.attributes
                0x00000030       0x10 mymath.o
 .ARM.attributes
                0x00000040       0x10 gpsmath.o
 .ARM.attributes
                0x00000050       0x10 sdk.o
 .ARM.attributes
                0x00000060       0x10 sdk_telemetry.o
 .ARM.attributes
                0x00000070       0x10 buzzer.o
 .ARM.attributes
                0x00000080       0x10 lpc_aci_eeprom.o
 .ARM.attributes
                0x00000090       0x10 Gen_motor_cmmd.o
 .ARM.attributes
                0x000000a0       0x10 asctecCommIntfOnboard.o
 .ARM.attributes
                0x000000b0       0x10 buildInfoSetup.o
 .ARM.attributes
                0x000000c0       0x10 main.o
 .ARM.attributes
                0x000000d0       0x10 hardware.o
 .ARM.attributes
                0x000000e0       0x10 system.o
 .ARM.attributes
                0x000000f0       0x10 uart.o
 .ARM.attributes
                0x00000100       0x10 syscalls.o
 .ARM.attributes
                0x00000110       0x10 i2c.o
 .ARM.attributes
                0x00000120       0x10 i2c1.o
 .ARM.attributes
                0x00000130       0x10 Common_WinARM/src/irq.o
 .ARM.attributes
                0x00000140       0x10 adc.o
 .ARM.attributes
                0x00000150       0x10 ssp.o
 .ARM.attributes
                0x00000160       0x10 pelican_ptu.o
 .ARM.attributes
                0x00000170       0x10 jetiTelemetry.o
 .ARM.attributes
                0x00000180       0x10 LPC2k_ee.o
 .ARM.attributes
                0x00000190       0x10 /usr/local/arm7/bin/../lib/gcc/arm-elf/4.1.1/../../../../arm-elf/lib/thumb/interwork/libc.a(malloc.o)
 .ARM.attributes
                0x000001a0       0x10 /usr/local/arm7/bin/../lib/gcc/arm-elf/4.1.1/../../../../arm-elf/lib/thumb/interwork/libc.a(mallocr.o)
 .ARM.attributes
                0x000001b0       0x10 /usr/local/arm7/bin/../lib/gcc/arm-elf/4.1.1/../../../../arm-elf/lib/thumb/interwork/libc.a(memcpy.o)
 .ARM.attributes
                0x000001c0       0x10 /usr/local/arm7/bin/../lib/gcc/arm-elf/4.1.1/../../../../arm-elf/lib/thumb/interwork/libc.a(mlock.o)
 .ARM.attributes
                0x000001d0       0x10 /usr/local/arm7/bin/../lib/gcc/arm-elf/4.1.1/../../../../arm-elf/lib/thumb/interwork/libc.a(sprintf.o)
 .ARM.attributes
                0x000001e0       0x10 /usr/local/arm7/bin/../lib/gcc/arm-elf/4.1.1/../../../../arm-elf/lib/thumb/interwork/libc.a(strcpy.o)
 .ARM.attributes
                0x000001f0       0x10 /usr/local/arm7/bin/../lib/gcc/arm-elf/4.1.1/../../../../arm-elf/lib/thumb/interwork/libc.a(strlen.o)
 .ARM.attributes
                0x00000200       0x10 /usr/local/arm7/bin/../lib/gcc/arm-elf/4.1.1/../../../../arm-elf/lib/thumb/interwork/libc.a(vfprintf.o)
 .ARM.attributes
                0x00000210       0x10 /usr/local/arm7/bin/../lib/gcc/arm-elf/4.1.1/../../../../arm-elf/lib/thumb/interwork/libc.a(wcrtomb.o)
 .ARM.attributes
                0x00000220       0x10 /usr/local/arm7/bin/../lib/gcc/arm-elf/4.1.1/../../../../arm-elf/lib/thumb/interwork/libc.a(wcsrtombs.o)
 .ARM.attributes
                0x00000230       0x10 /usr/local/arm7/bin/../lib/gcc/arm-elf/4.1.1/../../../../arm-elf/lib/thumb/interwork/libc.a(wctomb_r.o)
 .ARM.attributes
                0x00000240       0x10 /usr/local/arm7/bin/../lib/gcc/arm-elf/4.1.1/../../../../arm-elf/lib/thumb/interwork/libc.a(wsetup.o)
 .ARM.attributes
                0x00000250       0x10 /usr/local/arm7/bin/../lib/gcc/arm-elf/4.1.1/../../../../arm-elf/lib/thumb/interwork/libc.a(dtoa.o)
 .ARM.attributes
                0x00000260       0x10 /usr/local/arm7/bin/../lib/gcc/arm-elf/4.1.1/../../../../arm-elf/lib/thumb/interwork/libc.a(fflush.o)
 .ARM.attributes
                0x00000270       0x10 /usr/local/arm7/bin/../lib/gcc/arm-elf/4.1.1/../../../../arm-elf/lib/thumb/interwork/libc.a(findfp.o)
 .ARM.attributes
                0x00000280       0x10 /usr/local/arm7/bin/../lib/gcc/arm-elf/4.1.1/../../../../arm-elf/lib/thumb/interwork/libc.a(freer.o)
 .ARM.attributes
                0x00000290       0x10 /usr/local/arm7/bin/../lib/gcc/arm-elf/4.1.1/../../../../arm-elf/lib/thumb/interwork/libc.a(fvwrite.o)
 .ARM.attributes
                0x000002a0       0x10 /usr/local/arm7/bin/../lib/gcc/arm-elf/4.1.1/../../../../arm-elf/lib/thumb/interwork/libc.a(fwalk.o)
 .ARM.attributes
                0x000002b0       0x10 /usr/local/arm7/bin/../lib/gcc/arm-elf/4.1.1/../../../../arm-elf/lib/thumb/interwork/libc.a(impure.o)
 .ARM.attributes
                0x000002c0       0x10 /usr/local/arm7/bin/../lib/gcc/arm-elf/4.1.1/../../../../arm-elf/lib/thumb/interwork/libc.a(locale.o)
 .ARM.attributes
                0x000002d0       0x10 /usr/local/arm7/bin/../lib/gcc/arm-elf/4.1.1/../../../../arm-elf/lib/thumb/interwork/libc.a(makebuf.o)
 .ARM.attributes
                0x000002e0       0x10 /usr/local/arm7/bin/../lib/gcc/arm-elf/4.1.1/../../../../arm-elf/lib/thumb/interwork/libc.a(memchr.o)
 .ARM.attributes
                0x000002f0       0x10 /usr/local/arm7/bin/../lib/gcc/arm-elf/4.1.1/../../../../arm-elf/lib/thumb/interwork/libc.a(memmove.o)
 .ARM.attributes
                0x00000300       0x10 /usr/local/arm7/bin/../lib/gcc/arm-elf/4.1.1/../../../../arm-elf/lib/thumb/interwork/libc.a(memset.o)
 .ARM.attributes
                0x00000310       0x10 /usr/local/arm7/bin/../lib/gcc/arm-elf/4.1.1/../../../../arm-elf/lib/thumb/interwork/libc.a(mprec.o)
 .ARM.attributes
                0x00000320       0x10 /usr/local/arm7/bin/../lib/gcc/arm-elf/4.1.1/../../../../arm-elf/lib/thumb/interwork/libc.a(reallocr.o)
 .ARM.attributes
                0x00000330       0x10 /usr/local/arm7/bin/../lib/gcc/arm-elf/4.1.1/../../../../arm-elf/lib/thumb/interwork/libc.a(s_isinf.o)
 .ARM.attributes
                0x00000340       0x10 /usr/local/arm7/bin/../lib/gcc/arm-elf/4.1.1/../../../../arm-elf/lib/thumb/interwork/libc.a(s_isnan.o)
 .ARM.attributes
                0x00000350       0x10 /usr/local/arm7/bin/../lib/gcc/arm-elf/4.1.1/../../../../arm-elf/lib/thumb/interwork/libc.a(stdio.o)
 .ARM.attributes
                0x00000360       0x10 /usr/local/arm7/bin/../lib/gcc/arm-elf/4.1.1/../../../../arm-elf/lib/thumb/interwork/libc.a(strcmp.o)
 .ARM.attributes
                0x00000370       0x10 /usr/local/arm7/bin/../lib/gcc/arm-elf/4.1.1/../../../../arm-elf/lib/thumb/interwork/libc.a(callocr.o)
 .ARM.attributes
                0x00000380       0x10 /usr/local/arm7/bin/../lib/gcc/arm-elf/4.1.1/../../../../arm-elf/lib/thumb/interwork/libc.a(fclose.o)
 .ARM.attributes
                0x00000390       0x10 /usr/local/arm7/bin/../lib/gcc/arm-elf/4.1.1/thumb/interwork/libgcc.a(_udivsi3.o)
 .ARM.attributes
                0x000003a0       0x10 /usr/local/arm7/bin/../lib/gcc/arm-elf/4.1.1/thumb/interwork/libgcc.a(_divsi3.o)
 .ARM.attributes
                0x000003b0       0x10 /usr/local/arm7/bin/../lib/gcc/arm-elf/4.1.1/thumb/interwork/libgcc.a(_umodsi3.o)
 .ARM.attributes
                0x000003c0       0x10 /usr/local/arm7/bin/../lib/gcc/arm-elf/4.1.1/thumb/interwork/libgcc.a(_modsi3.o)
 .ARM.attributes
                0x000003d0       0x10 /usr/local/arm7/bin/../lib/gcc/arm-elf/4.1.1/thumb/interwork/libgcc.a(_dvmd_tls.o)
 .ARM.attributes
                0x000003e0       0x10 /usr/local/arm7/bin/../lib/gcc/arm-elf/4.1.1/thumb/interwork/libgcc.a(_addsubdf3.o)
 .ARM.attributes
                0x000003f0       0x10 /usr/local/arm7/bin/../lib/gcc/arm-elf/4.1.1/thumb/interwork/libgcc.a(_muldivdf3.o)
 .ARM.attributes
                0x00000400       0x10 /usr/local/arm7/bin/../lib/gcc/arm-elf/4.1.1/thumb/interwork/libgcc.a(_cmpdf2.o)
 .ARM.attributes
                0x00000410       0x10 /usr/local/arm7/bin/../lib/gcc/arm-elf/4.1.1/thumb/interwork/libgcc.a(_fixdfsi.o)
 .ARM.attributes
                0x00000420       0x10 /usr/local/arm7/bin/../lib/gcc/arm-elf/4.1.1/thumb/interwork/libgcc.a(_truncdfsf2.o)
 .ARM.attributes
                0x00000430       0x10 /usr/local/arm7/bin/../lib/gcc/arm-elf/4.1.1/thumb/interwork/libgcc.a(_addsubsf3.o)
 .ARM.attributes
                0x00000440       0x10 /usr/local/arm7/bin/../lib/gcc/arm-elf/4.1.1/../../../../arm-elf/lib/thumb/interwork/libm.a(s_cos.o)
 .ARM.attributes
                0x00000450       0x10 /usr/local/arm7/bin/../lib/gcc/arm-elf/4.1.1/../../../../arm-elf/lib/thumb/interwork/libm.a(s_sin.o)
 .ARM.attributes
                0x00000460       0x10 /usr/local/arm7/bin/../lib/gcc/arm-elf/4.1.1/../../../../arm-elf/lib/thumb/interwork/libm.a(w_atan2.o)
 .ARM.attributes
                0x00000470       0x10 /usr/local/arm7/bin/../lib/gcc/arm-elf/4.1.1/../../../../arm-elf/lib/thumb/interwork/libm.a(w_sqrt.o)
 .ARM.attributes
                0x00000480       0x10 /usr/local/arm7/bin/../lib/gcc/arm-elf/4.1.1/../../../../arm-elf/lib/thumb/interwork/libm.a(e_atan2.o)
 .ARM.attributes
                0x00000490       0x10 /usr/local/arm7/bin/../lib/gcc/arm-elf/4.1.1/../../../../arm-elf/lib/thumb/interwork/libm.a(e_rem_pio2.o)
 .ARM.attributes
                0x000004a0       0x10 /usr/local/arm7/bin/../lib/gcc/arm-elf/4.1.1/../../../../arm-elf/lib/thumb/interwork/libm.a(e_sqrt.o)
 .ARM.attributes
                0x000004b0       0x10 /usr/local/arm7/bin/../lib/gcc/arm-elf/4.1.1/../../../../arm-elf/lib/thumb/interwork/libm.a(k_cos.o)
 .ARM.attributes
                0x000004c0       0x10 /usr/local/arm7/bin/../lib/gcc/arm-elf/4.1.1/../../../../arm-elf/lib/thumb/interwork/libm.a(k_rem_pio2.o)
 .ARM.attributes
                0x000004d0       0x10 /usr/local/arm7/bin/../lib/gcc/arm-elf/4.1.1/../../../../arm-elf/lib/thumb/interwork/libm.a(k_sin.o)
 .ARM.attributes
                0x000004e0       0x10 /usr/local/arm7/bin/../lib/gcc/arm-elf/4.1.1/../../../../arm-elf/lib/thumb/interwork/libm.a(s_atan.o)
 .ARM.attributes
                0x000004f0       0x10 /usr/local/arm7/bin/../lib/gcc/arm-elf/4.1.1/../../../../arm-elf/lib/thumb/interwork/libm.a(s_fabs.o)
 .ARM.attributes
                0x00000500       0x10 /usr/local/arm7/bin/../lib/gcc/arm-elf/4.1.1/../../../../arm-elf/lib/thumb/interwork/libm.a(s_floor.o)
 .ARM.attributes
                0x00000510       0x10 /usr/local/arm7/bin/../lib/gcc/arm-elf/4.1.1/../../../../arm-elf/lib/thumb/interwork/libm.a(s_lib_ver.o)
 .ARM.attributes
                0x00000520       0x10 /usr/local/arm7/bin/../lib/gcc/arm-elf/4.1.1/../../../../arm-elf/lib/thumb/interwork/libm.a(s_matherr.o)
 .ARM.attributes
                0x00000530       0x10 /usr/local/arm7/bin/../lib/gcc/arm-elf/4.1.1/../../../../arm-elf/lib/thumb/interwork/libm.a(s_scalbn.o)
 .ARM.attributes
                0x00000540       0x10 /usr/local/arm7/bin/../lib/gcc/arm-elf/4.1.1/../../../../arm-elf/lib/thumb/interwork/libm.a(s_copysign.o)
 .ARM.attributes
                0x00000550       0x10 /usr/local/arm7/bin/../lib/gcc/arm-elf/4.1.1/thumb/interwork/libgcc.a(_muldivsf3.o)
 .ARM.attributes
                0x00000560       0x10 /usr/local/arm7/bin/../lib/gcc/arm-elf/4.1.1/thumb/interwork/libgcc.a(_cmpsf2.o)
 .ARM.attributes
                0x00000570       0x10 /usr/local/arm7/bin/../lib/gcc/arm-elf/4.1.1/thumb/interwork/libgcc.a(_fixsfsi.o)
 .ARM.attributes
                0x00000580       0x10 /usr/local/arm7/bin/../lib/gcc/arm-elf/4.1.1/../../../../arm-elf/lib/thumb/interwork/libg.a(errno.o)

.debug
 *(.debug)

.line
 *(.line)

.debug_srcinfo
 *(.debug_srcinfo)

.debug_sfnames
 *(.debug_sfnames)

.debug_aranges  0x00000000      0x930
 *(.debug_aranges)
 .debug_aranges
                0x00000000       0x28 Common_WinARM/src/Startup.o
 .debug_aranges
                0x00000028       0x28 Common_WinARM/src/swi_handler.o
 .debug_aranges
                0x00000050       0x20 LL_HL_comm.o
 .debug_aranges
                0x00000070       0x20 mymath.o
 .debug_aranges
                0x00000090       0x20 gpsmath.o
 .debug_aranges
                0x000000b0       0x20 sdk.o
 .debug_aranges
                0x000000d0       0x20 sdk_telemetry.o
 .debug_aranges
                0x000000f0       0x20 buzzer.o
 .debug_aranges
                0x00000110       0x20 lpc_aci_eeprom.o
 .debug_aranges
                0x00000130       0x20 Gen_motor_cmmd.o
 .debug_aranges
                0x00000150       0x20 asctecCommIntfOnboard.o
 .debug_aranges
                0x00000170       0x20 buildInfoSetup.o
 .debug_aranges
                0x00000190       0x20 main.o
 .debug_aranges
                0x000001b0       0x20 hardware.o
 .debug_aranges
                0x000001d0       0x20 system.o
 .debug_aranges
                0x000001f0       0x20 uart.o
 .debug_aranges
                0x00000210       0x20 syscalls.o
 .debug_aranges
                0x00000230       0x20 i2c.o
 .debug_aranges
                0x00000250       0x20 i2c1.o
 .debug_aranges
                0x00000270       0x20 Common_WinARM/src/irq.o
 .debug_aranges
                0x00000290       0x20 adc.o
 .debug_aranges
                0x000002b0       0x20 ssp.o
 .debug_aranges
                0x000002d0       0x20 pelican_ptu.o
 .debug_aranges
                0x000002f0       0x20 jetiTelemetry.o
 .debug_aranges
                0x00000310       0x20 LPC2k_ee.o
 .debug_aranges
                0x00000330       0x20 /usr/local/arm7/bin/../lib/gcc/arm-elf/4.1.1/../../../../arm-elf/lib/thumb/interwork/libc.a(malloc.o)
 .debug_aranges
                0x00000350       0x20 /usr/local/arm7/bin/../lib/gcc/arm-elf/4.1.1/../../../../arm-elf/lib/thumb/interwork/libc.a(mallocr.o)
 .debug_aranges
                0x00000370       0x20 /usr/local/arm7/bin/../lib/gcc/arm-elf/4.1.1/../../../../arm-elf/lib/thumb/interwork/libc.a(memcpy.o)
 .debug_aranges
                0x00000390       0x20 /usr/local/arm7/bin/../lib/gcc/arm-elf/4.1.1/../../../../arm-elf/lib/thumb/interwork/libc.a(mlock.o)
 .debug_aranges
                0x000003b0       0x20 /usr/local/arm7/bin/../lib/gcc/arm-elf/4.1.1/../../../../arm-elf/lib/thumb/interwork/libc.a(sprintf.o)
 .debug_aranges
                0x000003d0       0x20 /usr/local/arm7/bin/../lib/gcc/arm-elf/4.1.1/../../../../arm-elf/lib/thumb/interwork/libc.a(strcpy.o)
 .debug_aranges
                0x000003f0       0x20 /usr/local/arm7/bin/../lib/gcc/arm-elf/4.1.1/../../../../arm-elf/lib/thumb/interwork/libc.a(strlen.o)
 .debug_aranges
                0x00000410       0x20 /usr/local/arm7/bin/../lib/gcc/arm-elf/4.1.1/../../../../arm-elf/lib/thumb/interwork/libc.a(vfprintf.o)
 .debug_aranges
                0x00000430       0x20 /usr/local/arm7/bin/../lib/gcc/arm-elf/4.1.1/../../../../arm-elf/lib/thumb/interwork/libc.a(wcrtomb.o)
 .debug_aranges
                0x00000450       0x20 /usr/local/arm7/bin/../lib/gcc/arm-elf/4.1.1/../../../../arm-elf/lib/thumb/interwork/libc.a(wcsrtombs.o)
 .debug_aranges