   1              		.file	"mymath.c"
   9              	.Ltext0:
  10              		.align	2
  11              		.global	fast_abs
  13              	fast_abs:
  14              	.LFB2:
  15              	.LM1:
  16              		@ Function supports interworking.
  17              		@ args = 0, pretend = 0, frame = 0
  18              		@ frame_needed = 0, uses_anonymous_args = 0
  19              		@ link register save eliminated.
  20              	.LVL0:
  21              	.LM2:
  22 0000 000050E3 		cmp	r0, #0
  23 0004 000060B2 		rsblt	r0, r0, #0
  24              	.LVL1:
  25              	.LM3:
  26              		@ lr needed for prologue
  27              	.LM4:
  28 0008 1EFF2FE1 		bx	lr
  29              	.LFE2:
  31              		.global	__divsi3
  32              		.align	2
  33              		.global	fast_sqrt
  35              	fast_sqrt:
  36              	.LFB3:
  37              	.LM5:
  38              		@ Function supports interworking.
  39              		@ args = 0, pretend = 0, frame = 0
  40              		@ frame_needed = 0, uses_anonymous_args = 0
  41              	.LVL2:
  42              	.LM6:
  43 000c C03F20E0 		eor	r3, r0, r0, asr #31
  44 0010 C03F43E0 		sub	r3, r3, r0, asr #31
  45 0014 010053E3 		cmp	r3, #1
  46              	.LM7:
  47 0018 30402DE9 		stmfd	sp!, {r4, r5, lr}
  48              	.LCFI0:
  49              	.LM8:
  50 001c 0050A0E1 		mov	r5, r0
  51              	.LM9:
  52 0020 0040A0D1 		movle	r4, r0
  53              	.LVL3:
  54 0024 0B0000DA 		ble	.L6
  55 0028 0040A0E1 		mov	r4, r0
  56              	.L7:
  57              	.LM10:
  58 002c 0410A0E1 		mov	r1, r4
  59 0030 0500A0E1 		mov	r0, r5
  60 0034 FEFFFFEB 		bl	__divsi3
  61              	.LVL4:
  62              	.LM11:
  63 0038 003084E0 		add	r3, r4, r0
  64 003c A33F83E0 		add	r3, r3, r3, lsr #31
  65 0040 C340A0E1 		mov	r4, r3, asr #1
  66              	.LM12:
  67 0044 040060E0 		rsb	r0, r0, r4
  68              	.LVL5:
  69 0048 000050E3 		cmp	r0, #0
  70 004c 000060B2 		rsblt	r0, r0, #0
  71              	.LVL6:
  72 0050 010050E3 		cmp	r0, #1
  73 0054 F4FFFFCA 		bgt	.L7
  74              	.LVL7:
  75              	.L6:
  76              	.LM13:
  77 0058 0400A0E1 		mov	r0, r4
  78 005c 3040BDE8 		ldmfd	sp!, {r4, r5, lr}
  79 0060 1EFF2FE1 		bx	lr
  80              	.LFE3:
 124              	.Letext0:
DEFINED SYMBOLS
                            *ABS*:00000000 mymath.c
     /tmp/ccqD03rz.s:10     .text:00000000 $a
     /tmp/ccqD03rz.s:13     .text:00000000 fast_abs
     /tmp/ccqD03rz.s:35     .text:0000000c fast_sqrt
     /tmp/ccqD03rz.s:95     .debug_frame:00000010 $d

UNDEFINED SYMBOLS
__divsi3
